[2026-09-30 09:46:26Z INFO HostContext] No proxy settings were found based on environmental variables (http_proxy/https_proxy/HTTP_PROXY/HTTPS_PROXY)
[2026-09-30 09:46:26Z INFO HostContext] Well known directory 'Bin': 'C:\Devops_training\DevOpsCICDProject\actions-runner\bin'
[2026-09-30 09:46:26Z INFO HostContext] Well known directory 'Root': 'C:\Devops_training\DevOpsCICDProject\actions-runner'
[2026-09-30 09:46:26Z INFO HostContext] Well known config file 'Credentials': 'C:\Devops_training\DevOpsCICDProject\actions-runner\.credentials'
[2026-09-30 09:46:26Z INFO HostContext] Well known directory 'Bin': 'C:\Devops_training\DevOpsCICDProject\actions-runner\bin'
[2026-09-30 09:46:26Z INFO HostContext] Well known directory 'Root': 'C:\Devops_training\DevOpsCICDProject\actions-runner'
[2026-09-30 09:46:26Z INFO HostContext] Well known config file 'Runner': 'C:\Devops_training\DevOpsCICDProject\actions-runner\.runner'
[2026-09-30 09:46:26Z INFO Listener] Runner is built for Windows (X64) - win-x64.
[2026-09-30 09:46:26Z INFO Listener] RuntimeInformation: Microsoft Windows 10.0.26200.
[2026-09-30 09:46:26Z INFO Listener] Version: 2.337.0
[2026-09-30 09:46:26Z INFO Listener] Commit: 397b032cbf865e9c3ddfab89d533ec19325e1273
[2026-09-30 09:46:26Z INFO Listener] Culture: en-IN
[2026-09-30 09:46:26Z INFO Listener] UI Culture: en-US
[2026-09-30 09:46:26Z INFO HostContext] Well known directory 'Bin': 'C:\Devops_training\DevOpsCICDProject\actions-runner\bin'
[2026-09-30 09:46:26Z INFO HostContext] Well known directory 'Root': 'C:\Devops_training\DevOpsCICDProject\actions-runner'
[2026-09-30 09:46:26Z INFO Listener] Validating directory permissions for: 'C:\Devops_training\DevOpsCICDProject\actions-runner'
[2026-09-30 09:46:26Z INFO CommandLineParser] Parse
[2026-09-30 09:46:26Z INFO CommandLineParser] Parsing 1 args
[2026-09-30 09:46:26Z INFO CommandLineParser] parsing argument
[2026-09-30 09:46:26Z INFO CommandLineParser] HasArgs: False
[2026-09-30 09:46:26Z INFO CommandLineParser] Adding Command: run
[2026-09-30 09:46:26Z INFO Listener] Arguments parsed
[2026-09-30 09:46:26Z INFO Runner] ExecuteCommand
[2026-09-30 09:46:26Z INFO ConfigurationStore] currentAssemblyLocation: C:\Devops_training\DevOpsCICDProject\actions-runner\bin\Runner.Listener.dll
[2026-09-30 09:46:26Z INFO HostContext] Well known directory 'Bin': 'C:\Devops_training\DevOpsCICDProject\actions-runner\bin'
[2026-09-30 09:46:26Z INFO ConfigurationStore] binPath: C:\Devops_training\DevOpsCICDProject\actions-runner\bin
[2026-09-30 09:46:26Z INFO HostContext] Well known directory 'Bin': 'C:\Devops_training\DevOpsCICDProject\actions-runner\bin'
[2026-09-30 09:46:26Z INFO HostContext] Well known directory 'Root': 'C:\Devops_training\DevOpsCICDProject\actions-runner'
[2026-09-30 09:46:26Z INFO ConfigurationStore] RootFolder: C:\Devops_training\DevOpsCICDProject\actions-runner
[2026-09-30 09:46:26Z INFO HostContext] Well known directory 'Bin': 'C:\Devops_training\DevOpsCICDProject\actions-runner\bin'
[2026-09-30 09:46:26Z INFO HostContext] Well known directory 'Root': 'C:\Devops_training\DevOpsCICDProject\actions-runner'
[2026-09-30 09:46:26Z INFO HostContext] Well known config file 'Runner': 'C:\Devops_training\DevOpsCICDProject\actions-runner\.runner'
[2026-09-30 09:46:26Z INFO ConfigurationStore] ConfigFilePath: C:\Devops_training\DevOpsCICDProject\actions-runner\.runner
[2026-09-30 09:46:26Z INFO HostContext] Well known directory 'Bin': 'C:\Devops_training\DevOpsCICDProject\actions-runner\bin'
[2026-09-30 09:46:26Z INFO HostContext] Well known directory 'Root': 'C:\Devops_training\DevOpsCICDProject\actions-runner'
[2026-09-30 09:46:26Z INFO HostContext] Well known config file 'MigratedRunner': 'C:\Devops_training\DevOpsCICDProject\actions-runner\.runner_migrated'
[2026-09-30 09:46:26Z INFO ConfigurationStore] MigratedConfigFilePath: C:\Devops_training\DevOpsCICDProject\actions-runner\.runner_migrated
[2026-09-30 09:46:26Z INFO HostContext] Well known directory 'Bin': 'C:\Devops_training\DevOpsCICDProject\actions-runner\bin'
[2026-09-30 09:46:26Z INFO HostContext] Well known directory 'Root': 'C:\Devops_training\DevOpsCICDProject\actions-runner'
[2026-09-30 09:46:26Z INFO HostContext] Well known config file 'Credentials': 'C:\Devops_training\DevOpsCICDProject\actions-runner\.credentials'
[2026-09-30 09:46:26Z INFO ConfigurationStore] CredFilePath: C:\Devops_training\DevOpsCICDProject\actions-runner\.credentials
[2026-09-30 09:46:26Z INFO HostContext] Well known directory 'Bin': 'C:\Devops_training\DevOpsCICDProject\actions-runner\bin'
[2026-09-30 09:46:26Z INFO HostContext] Well known directory 'Root': 'C:\Devops_training\DevOpsCICDProject\actions-runner'
[2026-09-30 09:46:26Z INFO HostContext] Well known config file 'MigratedCredentials': 'C:\Devops_training\DevOpsCICDProject\actions-runner\.credentials_migrated'
[2026-09-30 09:46:26Z INFO ConfigurationStore] MigratedCredFilePath: C:\Devops_training\DevOpsCICDProject\actions-runner\.credentials_migrated
[2026-09-30 09:46:26Z INFO HostContext] Well known directory 'Bin': 'C:\Devops_training\DevOpsCICDProject\actions-runner\bin'
[2026-09-30 09:46:26Z INFO HostContext] Well known directory 'Root': 'C:\Devops_training\DevOpsCICDProject\actions-runner'
[2026-09-30 09:46:26Z INFO HostContext] Well known config file 'Service': 'C:\Devops_training\DevOpsCICDProject\actions-runner\.service'
[2026-09-30 09:46:26Z INFO ConfigurationStore] ServiceConfigFilePath: C:\Devops_training\DevOpsCICDProject\actions-runner\.service
[2026-09-30 09:46:26Z INFO CommandSettings] Flag 'help': 'False'
[2026-09-30 09:46:26Z INFO CommandSettings] Flag 'version': 'False'
[2026-09-30 09:46:26Z INFO CommandSettings] Flag 'commit': 'False'
[2026-09-30 09:46:26Z INFO CommandSettings] Flag 'check': 'False'
[2026-09-30 09:46:26Z INFO CommandSettings] Command 'configure': 'False'
[2026-09-30 09:46:26Z INFO CommandSettings] Command 'remove': 'False'
[2026-09-30 09:46:26Z INFO CommandSettings] Command 'warmup': 'False'
[2026-09-30 09:46:26Z INFO ConfigurationManager] LoadSettings
[2026-09-30 09:46:26Z INFO ConfigurationStore] IsConfigured()
[2026-09-30 09:46:26Z INFO ConfigurationStore] IsConfigured: True
[2026-09-30 09:46:26Z INFO ConfigurationManager] Is configured: True
[2026-09-30 09:46:26Z INFO ConfigurationStore] Read setting file: 418 chars
[2026-09-30 09:46:26Z INFO ConfigurationManager] Settings Loaded
[2026-09-30 09:46:26Z INFO ConfigurationStore] IsServiceConfigured()
[2026-09-30 09:46:26Z INFO ConfigurationStore] IsServiceConfigured: False
[2026-09-30 09:46:26Z INFO CommandSettings] Command 'run': 'True'
[2026-09-30 09:46:26Z INFO ConfigurationStore] IsConfigured()
[2026-09-30 09:46:26Z INFO ConfigurationStore] IsConfigured: True
[2026-09-30 09:46:26Z INFO ConfigurationManager] Is configured: True
[2026-09-30 09:46:26Z INFO Runner] Could not parse the argument value '' for StartupType. Defaulting to Manual
[2026-09-30 09:46:26Z INFO Runner] Set runner startup type - Manual
[2026-09-30 09:46:26Z INFO CommandSettings] Flag 'once': 'False'
[2026-09-30 09:46:26Z INFO CommandSettings] Flag 'once': 'False'
[2026-09-30 09:46:26Z INFO Runner] RunAsync
[2026-09-30 09:46:26Z INFO HostContext] Well known directory 'Bin': 'C:\Devops_training\DevOpsCICDProject\actions-runner\bin'
[2026-09-30 09:46:26Z INFO HostContext] Well known directory 'Root': 'C:\Devops_training\DevOpsCICDProject\actions-runner'
[2026-09-30 09:46:26Z INFO HostContext] Well known directory 'Work': 'C:\Devops_training\DevOpsCICDProject\actions-runner\_work'
[2026-09-30 09:46:26Z INFO Runner] Validating directory permissions for: 'C:\Devops_training\DevOpsCICDProject\actions-runner\_work'
[2026-09-30 09:46:26Z INFO ConfigurationManager] LoadMigratedSettings
[2026-09-30 09:46:26Z INFO ConfigurationStore] IsMigratedConfigured()
[2026-09-30 09:46:26Z INFO ConfigurationStore] IsMigratedConfigured: False
[2026-09-30 09:46:26Z INFO Runner] Failed to load migrated settings: No migrated configuration found.
[2026-09-30 09:46:26Z INFO Runner] Falling back to original .runner settings
[2026-09-30 09:46:26Z INFO Runner] Using BrokerMessageListener
[2026-09-30 09:46:26Z INFO BrokerMessageListener] Using provided settings
[2026-09-30 09:46:26Z INFO BrokerMessageListener] {
  "AgentId": 23,
  "AgentName": "DESKTOP-23LSEBQ",
  "PoolId": 1,
  "PoolName": "Default",
  "ServerUrl": "https://pipelinesghubeus5.actions.githubusercontent.com/mm6oqhgtxdmufdvalzOEbY43YRoioivgsXTjX2UQBxioQQHEGA/",
  "GitHubUrl": "https://github.com/Prabhatkumarkhemariya/DevOpsCICDProject",
  "WorkFolder": "_work",
  "UseV2Flow": true,
  "ServerUrlV2": "https://broker.actions.githubusercontent.com/"
}
[2026-09-30 09:46:26Z INFO BrokerMessageListener] Loading Credentials
[2026-09-30 09:46:26Z INFO ConfigurationStore] HasCredentials()
[2026-09-30 09:46:26Z INFO ConfigurationStore] stored True
[2026-09-30 09:46:26Z INFO CredentialManager] GetCredentialProvider
[2026-09-30 09:46:26Z INFO CredentialManager] Creating type OAuth
[2026-09-30 09:46:26Z INFO CredentialManager] Creating credential type: OAuth
[2026-09-30 09:46:26Z INFO HostContext] Well known directory 'Bin': 'C:\Devops_training\DevOpsCICDProject\actions-runner\bin'
[2026-09-30 09:46:26Z INFO HostContext] Well known directory 'Root': 'C:\Devops_training\DevOpsCICDProject\actions-runner'
[2026-09-30 09:46:26Z INFO HostContext] Well known config file 'RSACredentials': 'C:\Devops_training\DevOpsCICDProject\actions-runner\.credentials_rsaparams'
[2026-09-30 09:46:26Z INFO RSAEncryptedFileKeyManager] Loading RSA key parameters from file C:\Devops_training\DevOpsCICDProject\actions-runner\.credentials_rsaparams
[2026-09-30 09:46:26Z INFO BrokerMessageListener] Attempt to create session.
[2026-09-30 09:46:26Z INFO BrokerMessageListener] Connecting to the Broker Server...
[2026-09-30 09:46:26Z INFO ConfigurationStore] HasCredentials()
[2026-09-30 09:46:26Z INFO ConfigurationStore] stored True
[2026-09-30 09:46:26Z INFO CredentialManager] GetCredentialProvider
[2026-09-30 09:46:26Z INFO CredentialManager] Creating type OAuth
[2026-09-30 09:46:26Z INFO CredentialManager] Creating credential type: OAuth
[2026-09-30 09:46:26Z INFO RSAEncryptedFileKeyManager] Loading RSA key parameters from file C:\Devops_training\DevOpsCICDProject\actions-runner\.credentials_rsaparams
[2026-09-30 09:46:26Z INFO BrokerMessageListener] VssConnection created
[2026-09-30 09:46:26Z INFO BrokerMessageListener] Connecting to the Runner server...
[2026-09-30 09:46:26Z INFO RunnerServer] EstablishVssConnection
[2026-09-30 09:46:26Z INFO RunnerServer] Establish connection with 100 seconds timeout.
[2026-09-30 09:46:26Z INFO GitHubActionsService] Starting operation Location.GetConnectionData
[2026-09-30 09:46:26Z INFO RunnerServer] EstablishVssConnection
[2026-09-30 09:46:26Z INFO RunnerServer] Establish connection with 60 seconds timeout.
[2026-09-30 09:46:26Z INFO GitHubActionsService] Starting operation Location.GetConnectionData
[2026-09-30 09:46:26Z INFO RunnerServer] EstablishVssConnection
[2026-09-30 09:46:26Z INFO RunnerServer] Establish connection with 60 seconds timeout.
[2026-09-30 09:46:26Z INFO GitHubActionsService] Starting operation Location.GetConnectionData
[2026-09-30 09:46:27Z INFO GitHubActionsService] Finished operation Location.GetConnectionData
[2026-09-30 09:46:27Z INFO GitHubActionsService] Finished operation Location.GetConnectionData
[2026-09-30 09:46:27Z INFO GitHubActionsService] Finished operation Location.GetConnectionData
[2026-09-30 09:46:27Z INFO BrokerMessageListener] VssConnection created
[2026-09-30 09:46:27Z INFO Terminal] WRITE LINE: 
[2026-09-30 09:46:27Z INFO Terminal] WRITE LINE: 
[2026-09-30 09:46:27Z INFO RSAEncryptedFileKeyManager] Loading RSA key parameters from file C:\Devops_training\DevOpsCICDProject\actions-runner\.credentials_rsaparams
[2026-09-30 09:46:27Z INFO RSAEncryptedFileKeyManager] Loading RSA key parameters from file C:\Devops_training\DevOpsCICDProject\actions-runner\.credentials_rsaparams
[2026-09-30 09:46:28Z INFO GitHubActionsService] AAD Correlation ID for this token request: Unknown
[2026-09-30 09:46:29Z INFO BrokerMessageListener] Session created.
[2026-09-30 09:46:29Z INFO Terminal] WRITE LINE: Current runner version: '2.337.0'
[2026-09-30 09:46:29Z INFO Terminal] WRITE LINE: 2026-09-30 09:46:29Z: Listening for Jobs
[2026-09-30 09:46:29Z INFO JobDispatcher] Set runner/worker IPC timeout to 30 seconds.
[2026-09-30 10:00:01Z INFO BrokerMessageListener] Acknowledging runner request 'd690d6c6-5d70-5fb2-9408-22c82774c6c4'.
[2026-09-30 10:00:02Z INFO ConfigurationStore] HasCredentials()
[2026-09-30 10:00:02Z INFO ConfigurationStore] stored True
[2026-09-30 10:00:02Z INFO CredentialManager] GetCredentialProvider
[2026-09-30 10:00:02Z INFO CredentialManager] Creating type OAuth
[2026-09-30 10:00:02Z INFO CredentialManager] Creating credential type: OAuth
[2026-09-30 10:00:02Z INFO RSAEncryptedFileKeyManager] Loading RSA key parameters from file C:\Devops_training\DevOpsCICDProject\actions-runner\.credentials_rsaparams
[2026-09-30 10:00:02Z INFO RSAEncryptedFileKeyManager] Loading RSA key parameters from file C:\Devops_training\DevOpsCICDProject\actions-runner\.credentials_rsaparams
[2026-09-30 10:00:02Z INFO RSAEncryptedFileKeyManager] Loading RSA key parameters from file C:\Devops_training\DevOpsCICDProject\actions-runner\.credentials_rsaparams
[2026-09-30 10:00:03Z INFO GitHubActionsService] AAD Correlation ID for this token request: Unknown
[2026-09-30 10:00:05Z INFO JobDispatcher] Job request 0 for plan b6a0f568-8edf-8c69-baf2-b2124badc539 job d690d6c6-5d70-5fb2-9408-22c82774c6c4 received.
[2026-09-30 10:00:05Z INFO JobDispatcher] Pull OrchestrationId b6a0f568-8edf-8c69-baf2-b2124badc539.deploy.__default from JWT claims
[2026-09-30 10:00:05Z INFO BrokerMessageListener] Received job status event. JobState: Busy
[2026-09-30 10:00:05Z INFO BrokerMessageListener] _getMessagesTokenSource is already disposed.
[2026-09-30 10:00:05Z INFO Terminal] WRITE LINE: 2026-09-30 10:00:05Z: Running job: deploy
[2026-09-30 10:00:05Z INFO JobDispatcher] Start renew job request 0 for job d690d6c6-5d70-5fb2-9408-22c82774c6c4.
[2026-09-30 10:00:06Z INFO JobDispatcher] Successfully renew job d690d6c6-5d70-5fb2-9408-22c82774c6c4, job is valid till 30-09-2026 10:10:06
[2026-09-30 10:00:06Z INFO HostContext] Well known directory 'Bin': 'C:\Devops_training\DevOpsCICDProject\actions-runner\bin'
[2026-09-30 10:00:06Z INFO ProcessInvokerWrapper] Starting process:
[2026-09-30 10:00:06Z INFO ProcessInvokerWrapper]   File name: 'C:\Devops_training\DevOpsCICDProject\actions-runner\bin\Runner.Worker.exe'
[2026-09-30 10:00:06Z INFO ProcessInvokerWrapper]   Arguments: 'spawnclient 2336 2348'
[2026-09-30 10:00:06Z INFO ProcessInvokerWrapper]   Working directory: 'C:\Devops_training\DevOpsCICDProject\actions-runner\bin'
[2026-09-30 10:00:06Z INFO ProcessInvokerWrapper]   Require exit code zero: 'False'
[2026-09-30 10:00:06Z INFO ProcessInvokerWrapper]   Encoding web name:  ; code page: ''
[2026-09-30 10:00:06Z INFO ProcessInvokerWrapper]   Force kill process on cancellation: 'True'
[2026-09-30 10:00:06Z INFO ProcessInvokerWrapper]   Redirected STDIN: 'False'
[2026-09-30 10:00:06Z INFO ProcessInvokerWrapper]   Persist current code page: 'False'
[2026-09-30 10:00:06Z INFO ProcessInvokerWrapper]   Keep redirected STDIN open: 'False'
[2026-09-30 10:00:06Z INFO ProcessInvokerWrapper]   High priority process: 'True'
[2026-09-30 10:00:06Z INFO ProcessInvokerWrapper] Process started with process id 29540, waiting for process exit.
[2026-09-30 10:00:06Z INFO JobDispatcher] Send job request message to worker for job d690d6c6-5d70-5fb2-9408-22c82774c6c4.
[2026-09-30 10:00:06Z INFO ProcessChannel] Sending message of length 27118, with hash '44052fdaaf99510ca61c398a2d21ff98ca47c2bc9f92264a3df24d115674f9af'
[2026-09-30 10:00:06Z INFO JobNotification] Entering JobStarted Notification
[2026-09-30 10:00:06Z INFO JobNotification] Entering StartMonitor
[2026-09-30 10:00:27Z INFO ProcessInvokerWrapper] STDOUT/STDERR stream read finished.
[2026-09-30 10:00:27Z INFO ProcessInvokerWrapper] STDOUT/STDERR stream read finished.
[2026-09-30 10:00:27Z INFO ProcessInvokerWrapper] Finished process 29540 with exit code 102, and elapsed time 00:00:21.0472226.
[2026-09-30 10:00:27Z INFO JobDispatcher] Worker finished for job d690d6c6-5d70-5fb2-9408-22c82774c6c4. Code: 102
[2026-09-30 10:00:27Z INFO JobDispatcher] finish job request for job d690d6c6-5d70-5fb2-9408-22c82774c6c4 with result: Failed
[2026-09-30 10:00:27Z INFO Terminal] WRITE LINE: 2026-09-30 10:00:27Z: Job deploy completed with result: Failed
[2026-09-30 10:00:27Z INFO JobDispatcher] Stop renew job request for job d690d6c6-5d70-5fb2-9408-22c82774c6c4.
[2026-09-30 10:00:27Z INFO JobDispatcher] job renew has been cancelled, stop renew job d690d6c6-5d70-5fb2-9408-22c82774c6c4.
[2026-09-30 10:00:27Z INFO JobNotification] Entering JobCompleted Notification
[2026-09-30 10:00:27Z INFO JobNotification] Entering EndMonitor
[2026-09-30 10:00:27Z INFO BrokerMessageListener] Received job status event. JobState: Online
[2026-09-30 10:00:27Z WARN GitHubActionsService] GET request to https://broker.actions.githubusercontent.com/message?sessionId=5dc12f98-d8e6-4b52-a60b-2bf6af6c5d41&status=Busy&runnerVersion=2.337.0&os=Windows&architecture=X64&disableUpdate=false has been cancelled.
[2026-09-30 10:00:27Z ERR  BrokerServer] Catch exception during request
[2026-09-30 10:00:27Z ERR  BrokerServer] System.Threading.Tasks.TaskCanceledException: The operation was canceled.
 ---> System.Threading.Tasks.TaskCanceledException: The operation was canceled.
 ---> System.IO.IOException: Unable to read data from the transport connection: The I/O operation has been aborted because of either a thread exit or an application request..
 ---> System.Net.Sockets.SocketException (995): The I/O operation has been aborted because of either a thread exit or an application request.
   --- End of inner exception stack trace ---
   at System.Net.Sockets.Socket.AwaitableSocketAsyncEventArgs.ThrowException(SocketError error, CancellationToken cancellationToken)
   at System.Net.Sockets.Socket.AwaitableSocketAsyncEventArgs.System.Threading.Tasks.Sources.IValueTaskSource<System.Int32>.GetResult(Int16 token)
   at System.Net.Security.SslStream.EnsureFullTlsFrameAsync[TIOAdapter](CancellationToken cancellationToken, Int32 estimatedSize)
   at System.Runtime.CompilerServices.PoolingAsyncValueTaskMethodBuilder`1.StateMachineBox`1.System.Threading.Tasks.Sources.IValueTaskSource<TResult>.GetResult(Int16 token)
   at System.Net.Security.SslStream.ReadAsyncInternal[TIOAdapter](Memory`1 buffer, CancellationToken cancellationToken)
   at System.Runtime.CompilerServices.PoolingAsyncValueTaskMethodBuilder`1.StateMachineBox`1.System.Threading.Tasks.Sources.IValueTaskSource<TResult>.GetResult(Int16 token)
   at System.Net.Http.HttpConnection.SendAsync(HttpRequestMessage request, Boolean async, CancellationToken cancellationToken)
   --- End of inner exception stack trace ---
   at System.Net.Http.HttpConnection.SendAsync(HttpRequestMessage request, Boolean async, CancellationToken cancellationToken)
   at System.Net.Http.AuthenticationHelper.SendWithNtAuthAsync(HttpRequestMessage request, Uri authUri, Boolean async, ICredentials credentials, Boolean isProxyAuth, HttpConnection connection, HttpConnectionPool connectionPool, CancellationToken cancellationToken)
   at System.Net.Http.HttpConnectionPool.SendWithVersionDetectionAndRetryAsync(HttpRequestMessage request, Boolean async, Boolean doRequestAuth, CancellationToken cancellationToken)
   at System.Net.Http.AuthenticationHelper.SendWithAuthAsync(HttpRequestMessage request, Uri authUri, Boolean async, ICredentials credentials, Boolean preAuthenticate, Boolean isProxyAuth, Boolean doRequestAuth, HttpConnectionPool pool, CancellationToken cancellationToken)
   at System.Net.Http.RedirectHandler.SendAsync(HttpRequestMessage request, Boolean async, CancellationToken cancellationToken)
   at GitHub.Services.Common.RawHttpMessageHandler.SendAsync(HttpRequestMessage request, CancellationToken cancellationToken)
   at GitHub.Services.Common.VssHttpRetryMessageHandler.SendAsync(HttpRequestMessage request, CancellationToken cancellationToken)
   at System.Net.Http.HttpClient.<SendAsync>g__Core|83_0(HttpRequestMessage request, HttpCompletionOption completionOption, CancellationTokenSource cts, Boolean disposeCts, CancellationTokenSource pendingRequestsCts, CancellationToken originalCancellationToken)
   --- End of inner exception stack trace ---
   at System.Net.Http.HttpClient.HandleFailure(Exception e, Boolean telemetryStarted, HttpResponseMessage response, CancellationTokenSource cts, CancellationToken cancellationToken, CancellationTokenSource pendingRequestsCts)
   at System.Net.Http.HttpClient.<SendAsync>g__Core|83_0(HttpRequestMessage request, HttpCompletionOption completionOption, CancellationTokenSource cts, Boolean disposeCts, CancellationTokenSource pendingRequestsCts, CancellationToken originalCancellationToken)
   at Sdk.WebApi.WebApi.RawHttpClientBase.SendAsync(HttpRequestMessage message, HttpCompletionOption completionOption, Object userState, CancellationToken cancellationToken)
   at Sdk.WebApi.WebApi.RawHttpClientBase.SendAsync[T](HttpRequestMessage message, Boolean readErrorBody, Object userState, CancellationToken cancellationToken)
   at Sdk.WebApi.WebApi.RawHttpClientBase.SendAsync[T](HttpMethod method, IEnumerable`1 additionalHeaders, Uri requestUri, HttpContent content, IEnumerable`1 queryParameters, Boolean readErrorBody, Object userState, CancellationToken cancellationToken)
   at GitHub.Actions.RunService.WebApi.BrokerHttpClient.GetRunnerMessageAsync(Nullable`1 sessionId, String runnerVersion, Nullable`1 status, String os, String architecture, Nullable`1 disableUpdate, CancellationToken cancellationToken)
   at GitHub.Runner.Common.BrokerServer.<>c__DisplayClass7_0.<<GetRunnerMessageAsync>b__0>d.MoveNext()
--- End of stack trace from previous location ---
   at GitHub.Runner.Common.RunnerService.RetryRequest[T](Func`1 func, CancellationToken cancellationToken, Int32 maxAttempts, Func`2 shouldRetry)
[2026-09-30 10:00:27Z ERR  BrokerServer] #####################################################
[2026-09-30 10:00:27Z ERR  BrokerServer] System.Threading.Tasks.TaskCanceledException: The operation was canceled.
 ---> System.IO.IOException: Unable to read data from the transport connection: The I/O operation has been aborted because of either a thread exit or an application request..
 ---> System.Net.Sockets.SocketException (995): The I/O operation has been aborted because of either a thread exit or an application request.
   --- End of inner exception stack trace ---
   at System.Net.Sockets.Socket.AwaitableSocketAsyncEventArgs.ThrowException(SocketError error, CancellationToken cancellationToken)
   at System.Net.Sockets.Socket.AwaitableSocketAsyncEventArgs.System.Threading.Tasks.Sources.IValueTaskSource<System.Int32>.GetResult(Int16 token)
   at System.Net.Security.SslStream.EnsureFullTlsFrameAsync[TIOAdapter](CancellationToken cancellationToken, Int32 estimatedSize)
   at System.Runtime.CompilerServices.PoolingAsyncValueTaskMethodBuilder`1.StateMachineBox`1.System.Threading.Tasks.Sources.IValueTaskSource<TResult>.GetResult(Int16 token)
   at System.Net.Security.SslStream.ReadAsyncInternal[TIOAdapter](Memory`1 buffer, CancellationToken cancellationToken)
   at System.Runtime.CompilerServices.PoolingAsyncValueTaskMethodBuilder`1.StateMachineBox`1.System.Threading.Tasks.Sources.IValueTaskSource<TResult>.GetResult(Int16 token)
   at System.Net.Http.HttpConnection.SendAsync(HttpRequestMessage request, Boolean async, CancellationToken cancellationToken)
   --- End of inner exception stack trace ---
   at System.Net.Http.HttpConnection.SendAsync(HttpRequestMessage request, Boolean async, CancellationToken cancellationToken)
   at System.Net.Http.AuthenticationHelper.SendWithNtAuthAsync(HttpRequestMessage request, Uri authUri, Boolean async, ICredentials credentials, Boolean isProxyAuth, HttpConnection connection, HttpConnectionPool connectionPool, CancellationToken cancellationToken)
   at System.Net.Http.HttpConnectionPool.SendWithVersionDetectionAndRetryAsync(HttpRequestMessage request, Boolean async, Boolean doRequestAuth, CancellationToken cancellationToken)
   at System.Net.Http.AuthenticationHelper.SendWithAuthAsync(HttpRequestMessage request, Uri authUri, Boolean async, ICredentials credentials, Boolean preAuthenticate, Boolean isProxyAuth, Boolean doRequestAuth, HttpConnectionPool pool, CancellationToken cancellationToken)
   at System.Net.Http.RedirectHandler.SendAsync(HttpRequestMessage request, Boolean async, CancellationToken cancellationToken)
   at GitHub.Services.Common.RawHttpMessageHandler.SendAsync(HttpRequestMessage request, CancellationToken cancellationToken)
   at GitHub.Services.Common.VssHttpRetryMessageHandler.SendAsync(HttpRequestMessage request, CancellationToken cancellationToken)
   at System.Net.Http.HttpClient.<SendAsync>g__Core|83_0(HttpRequestMessage request, HttpCompletionOption completionOption, CancellationTokenSource cts, Boolean disposeCts, CancellationTokenSource pendingRequestsCts, CancellationToken originalCancellationToken)
[2026-09-30 10:00:27Z ERR  BrokerServer] #####################################################
[2026-09-30 10:00:27Z ERR  BrokerServer] System.IO.IOException: Unable to read data from the transport connection: The I/O operation has been aborted because of either a thread exit or an application request..
 ---> System.Net.Sockets.SocketException (995): The I/O operation has been aborted because of either a thread exit or an application request.
   --- End of inner exception stack trace ---
   at System.Net.Sockets.Socket.AwaitableSocketAsyncEventArgs.ThrowException(SocketError error, CancellationToken cancellationToken)
   at System.Net.Sockets.Socket.AwaitableSocketAsyncEventArgs.System.Threading.Tasks.Sources.IValueTaskSource<System.Int32>.GetResult(Int16 token)
   at System.Net.Security.SslStream.EnsureFullTlsFrameAsync[TIOAdapter](CancellationToken cancellationToken, Int32 estimatedSize)
   at System.Runtime.CompilerServices.PoolingAsyncValueTaskMethodBuilder`1.StateMachineBox`1.System.Threading.Tasks.Sources.IValueTaskSource<TResult>.GetResult(Int16 token)
   at System.Net.Security.SslStream.ReadAsyncInternal[TIOAdapter](Memory`1 buffer, CancellationToken cancellationToken)
   at System.Runtime.CompilerServices.PoolingAsyncValueTaskMethodBuilder`1.StateMachineBox`1.System.Threading.Tasks.Sources.IValueTaskSource<TResult>.GetResult(Int16 token)
   at System.Net.Http.HttpConnection.SendAsync(HttpRequestMessage request, Boolean async, CancellationToken cancellationToken)
[2026-09-30 10:00:27Z ERR  BrokerServer] #####################################################
[2026-09-30 10:00:27Z ERR  BrokerServer] System.Net.Sockets.SocketException (995): The I/O operation has been aborted because of either a thread exit or an application request.
[2026-09-30 10:00:27Z WARN BrokerServer] Back off 9.411 seconds before next retry. 4 attempt left.
[2026-09-30 10:00:27Z INFO BrokerMessageListener] Get messages has been cancelled using local token source. Continue to get messages with new status.
[2026-09-30 10:21:35Z INFO BrokerMessageListener] Acknowledging runner request '13017ef0-0246-56e4-bbe9-ffb2ecac05a8'.
[2026-09-30 10:21:35Z INFO ConfigurationStore] HasCredentials()
[2026-09-30 10:21:35Z INFO ConfigurationStore] stored True
[2026-09-30 10:21:35Z INFO CredentialManager] GetCredentialProvider
[2026-09-30 10:21:35Z INFO CredentialManager] Creating type OAuth
[2026-09-30 10:21:35Z INFO CredentialManager] Creating credential type: OAuth
[2026-09-30 10:21:35Z INFO RSAEncryptedFileKeyManager] Loading RSA key parameters from file C:\Devops_training\DevOpsCICDProject\actions-runner\.credentials_rsaparams
[2026-09-30 10:21:35Z INFO RSAEncryptedFileKeyManager] Loading RSA key parameters from file C:\Devops_training\DevOpsCICDProject\actions-runner\.credentials_rsaparams
[2026-09-30 10:21:35Z INFO RSAEncryptedFileKeyManager] Loading RSA key parameters from file C:\Devops_training\DevOpsCICDProject\actions-runner\.credentials_rsaparams
[2026-09-30 10:21:36Z INFO GitHubActionsService] AAD Correlation ID for this token request: Unknown
[2026-09-30 10:21:38Z INFO JobDispatcher] Job request 0 for plan e65d4465-6ba5-8661-a11a-781b79e7aa89 job 13017ef0-0246-56e4-bbe9-ffb2ecac05a8 received.
[2026-09-30 10:21:38Z INFO JobDispatcher] Pull OrchestrationId e65d4465-6ba5-8661-a11a-781b79e7aa89.deploy.__default from JWT claims
[2026-09-30 10:21:38Z INFO BrokerMessageListener] Received job status event. JobState: Busy
[2026-09-30 10:21:38Z INFO BrokerMessageListener] _getMessagesTokenSource is already disposed.
[2026-09-30 10:21:38Z INFO JobDispatcher] Job request d690d6c6-5d70-5fb2-9408-22c82774c6c4 processed succeed.
[2026-09-30 10:21:38Z INFO Terminal] WRITE LINE: 2026-09-30 10:21:38Z: Running job: deploy
[2026-09-30 10:21:38Z INFO JobDispatcher] Start renew job request 0 for job 13017ef0-0246-56e4-bbe9-ffb2ecac05a8.
[2026-09-30 10:21:39Z INFO JobDispatcher] Successfully renew job 13017ef0-0246-56e4-bbe9-ffb2ecac05a8, job is valid till 30-09-2026 10:31:40
[2026-09-30 10:21:39Z INFO HostContext] Well known directory 'Bin': 'C:\Devops_training\DevOpsCICDProject\actions-runner\bin'
[2026-09-30 10:21:39Z INFO ProcessInvokerWrapper] Starting process:
[2026-09-30 10:21:39Z INFO ProcessInvokerWrapper]   File name: 'C:\Devops_training\DevOpsCICDProject\actions-runner\bin\Runner.Worker.exe'
[2026-09-30 10:21:39Z INFO ProcessInvokerWrapper]   Arguments: 'spawnclient 1732 1304'
[2026-09-30 10:21:39Z INFO ProcessInvokerWrapper]   Working directory: 'C:\Devops_training\DevOpsCICDProject\actions-runner\bin'
[2026-09-30 10:21:39Z INFO ProcessInvokerWrapper]   Require exit code zero: 'False'
[2026-09-30 10:21:39Z INFO ProcessInvokerWrapper]   Encoding web name:  ; code page: ''
[2026-09-30 10:21:39Z INFO ProcessInvokerWrapper]   Force kill process on cancellation: 'True'
[2026-09-30 10:21:39Z INFO ProcessInvokerWrapper]   Redirected STDIN: 'False'
[2026-09-30 10:21:39Z INFO ProcessInvokerWrapper]   Persist current code page: 'False'
[2026-09-30 10:21:39Z INFO ProcessInvokerWrapper]   Keep redirected STDIN open: 'False'
[2026-09-30 10:21:39Z INFO ProcessInvokerWrapper]   High priority process: 'True'
[2026-09-30 10:21:39Z INFO ProcessInvokerWrapper] Process started with process id 24072, waiting for process exit.
[2026-09-30 10:21:39Z INFO JobDispatcher] Send job request message to worker for job 13017ef0-0246-56e4-bbe9-ffb2ecac05a8.
[2026-09-30 10:21:39Z INFO ProcessChannel] Sending message of length 27230, with hash 'ebeb697813ddfe668f61874a2bc570020fa9cd00510a55938b884b86c34f4921'
[2026-09-30 10:21:39Z INFO JobNotification] Entering JobStarted Notification
[2026-09-30 10:21:39Z INFO JobNotification] Entering StartMonitor
[2026-09-30 10:22:03Z INFO ProcessInvokerWrapper] STDOUT/STDERR stream read finished.
[2026-09-30 10:22:03Z INFO ProcessInvokerWrapper] STDOUT/STDERR stream read finished.
[2026-09-30 10:22:03Z INFO ProcessInvokerWrapper] Finished process 24072 with exit code 102, and elapsed time 00:00:23.8149860.
[2026-09-30 10:22:03Z INFO JobDispatcher] Worker finished for job 13017ef0-0246-56e4-bbe9-ffb2ecac05a8. Code: 102
[2026-09-30 10:22:03Z INFO JobDispatcher] finish job request for job 13017ef0-0246-56e4-bbe9-ffb2ecac05a8 with result: Failed
[2026-09-30 10:22:03Z INFO Terminal] WRITE LINE: 2026-09-30 10:22:03Z: Job deploy completed with result: Failed
[2026-09-30 10:22:03Z INFO JobDispatcher] Stop renew job request for job 13017ef0-0246-56e4-bbe9-ffb2ecac05a8.
[2026-09-30 10:22:03Z INFO JobDispatcher] job renew has been cancelled, stop renew job 13017ef0-0246-56e4-bbe9-ffb2ecac05a8.
[2026-09-30 10:22:03Z INFO JobNotification] Entering JobCompleted Notification
[2026-09-30 10:22:03Z INFO JobNotification] Entering EndMonitor
[2026-09-30 10:22:03Z INFO BrokerMessageListener] Received job status event. JobState: Online
[2026-09-30 10:22:03Z WARN GitHubActionsService] GET request to https://broker.actions.githubusercontent.com/message?sessionId=5dc12f98-d8e6-4b52-a60b-2bf6af6c5d41&status=Busy&runnerVersion=2.337.0&os=Windows&architecture=X64&disableUpdate=false has been cancelled.
[2026-09-30 10:22:03Z ERR  BrokerServer] Catch exception during request
[2026-09-30 10:22:03Z ERR  BrokerServer] System.Threading.Tasks.TaskCanceledException: The operation was canceled.
 ---> System.Threading.Tasks.TaskCanceledException: The operation was canceled.
 ---> System.IO.IOException: Unable to read data from the transport connection: The I/O operation has been aborted because of either a thread exit or an application request..
 ---> System.Net.Sockets.SocketException (995): The I/O operation has been aborted because of either a thread exit or an application request.
   --- End of inner exception stack trace ---
   at System.Net.Sockets.Socket.AwaitableSocketAsyncEventArgs.System.Threading.Tasks.Sources.IValueTaskSource<System.Int32>.GetResult(Int16 token)
   at System.Net.Security.SslStream.EnsureFullTlsFrameAsync[TIOAdapter](CancellationToken cancellationToken, Int32 estimatedSize)
   at System.Runtime.CompilerServices.PoolingAsyncValueTaskMethodBuilder`1.StateMachineBox`1.System.Threading.Tasks.Sources.IValueTaskSource<TResult>.GetResult(Int16 token)
   at System.Net.Security.SslStream.ReadAsyncInternal[TIOAdapter](Memory`1 buffer, CancellationToken cancellationToken)
   at System.Runtime.CompilerServices.PoolingAsyncValueTaskMethodBuilder`1.StateMachineBox`1.System.Threading.Tasks.Sources.IValueTaskSource<TResult>.GetResult(Int16 token)
   at System.Net.Http.HttpConnection.SendAsync(HttpRequestMessage request, Boolean async, CancellationToken cancellationToken)
   --- End of inner exception stack trace ---
   at System.Net.Http.HttpConnection.SendAsync(HttpRequestMessage request, Boolean async, CancellationToken cancellationToken)
   at System.Net.Http.AuthenticationHelper.SendWithNtAuthAsync(HttpRequestMessage request, Uri authUri, Boolean async, ICredentials credentials, Boolean isProxyAuth, HttpConnection connection, HttpConnectionPool connectionPool, CancellationToken cancellationToken)
   at System.Net.Http.HttpConnectionPool.SendWithVersionDetectionAndRetryAsync(HttpRequestMessage request, Boolean async, Boolean doRequestAuth, CancellationToken cancellationToken)
   at System.Net.Http.AuthenticationHelper.SendWithAuthAsync(HttpRequestMessage request, Uri authUri, Boolean async, ICredentials credentials, Boolean preAuthenticate, Boolean isProxyAuth, Boolean doRequestAuth, HttpConnectionPool pool, CancellationToken cancellationToken)
   at System.Net.Http.RedirectHandler.SendAsync(HttpRequestMessage request, Boolean async, CancellationToken cancellationToken)
   at GitHub.Services.Common.RawHttpMessageHandler.SendAsync(HttpRequestMessage request, CancellationToken cancellationToken)
   at GitHub.Services.Common.VssHttpRetryMessageHandler.SendAsync(HttpRequestMessage request, CancellationToken cancellationToken)
   at System.Net.Http.HttpClient.<SendAsync>g__Core|83_0(HttpRequestMessage request, HttpCompletionOption completionOption, CancellationTokenSource cts, Boolean disposeCts, CancellationTokenSource pendingRequestsCts, CancellationToken originalCancellationToken)
   --- End of inner exception stack trace ---
   at System.Net.Http.HttpClient.HandleFailure(Exception e, Boolean telemetryStarted, HttpResponseMessage response, CancellationTokenSource cts, CancellationToken cancellationToken, CancellationTokenSource pendingRequestsCts)
   at System.Net.Http.HttpClient.<SendAsync>g__Core|83_0(HttpRequestMessage request, HttpCompletionOption completionOption, CancellationTokenSource cts, Boolean disposeCts, CancellationTokenSource pendingRequestsCts, CancellationToken originalCancellationToken)
   at Sdk.WebApi.WebApi.RawHttpClientBase.SendAsync(HttpRequestMessage message, HttpCompletionOption completionOption, Object userState, CancellationToken cancellationToken)
   at Sdk.WebApi.WebApi.RawHttpClientBase.SendAsync[T](HttpRequestMessage message, Boolean readErrorBody, Object userState, CancellationToken cancellationToken)
   at Sdk.WebApi.WebApi.RawHttpClientBase.SendAsync[T](HttpMethod method, IEnumerable`1 additionalHeaders, Uri requestUri, HttpContent content, IEnumerable`1 queryParameters, Boolean readErrorBody, Object userState, CancellationToken cancellationToken)
   at GitHub.Actions.RunService.WebApi.BrokerHttpClient.GetRunnerMessageAsync(Nullable`1 sessionId, String runnerVersion, Nullable`1 status, String os, String architecture, Nullable`1 disableUpdate, CancellationToken cancellationToken)
   at GitHub.Runner.Common.BrokerServer.<>c__DisplayClass7_0.<<GetRunnerMessageAsync>b__0>d.MoveNext()
--- End of stack trace from previous location ---
   at GitHub.Runner.Common.RunnerService.RetryRequest[T](Func`1 func, CancellationToken cancellationToken, Int32 maxAttempts, Func`2 shouldRetry)
[2026-09-30 10:22:03Z ERR  BrokerServer] #####################################################
[2026-09-30 10:22:03Z ERR  BrokerServer] System.Threading.Tasks.TaskCanceledException: The operation was canceled.
 ---> System.IO.IOException: Unable to read data from the transport connection: The I/O operation has been aborted because of either a thread exit or an application request..
 ---> System.Net.Sockets.SocketException (995): The I/O operation has been aborted because of either a thread exit or an application request.
   --- End of inner exception stack trace ---
   at System.Net.Sockets.Socket.AwaitableSocketAsyncEventArgs.System.Threading.Tasks.Sources.IValueTaskSource<System.Int32>.GetResult(Int16 token)
   at System.Net.Security.SslStream.EnsureFullTlsFrameAsync[TIOAdapter](CancellationToken cancellationToken, Int32 estimatedSize)
   at System.Runtime.CompilerServices.PoolingAsyncValueTaskMethodBuilder`1.StateMachineBox`1.System.Threading.Tasks.Sources.IValueTaskSource<TResult>.GetResult(Int16 token)
   at System.Net.Security.SslStream.ReadAsyncInternal[TIOAdapter](Memory`1 buffer, CancellationToken cancellationToken)
   at System.Runtime.CompilerServices.PoolingAsyncValueTaskMethodBuilder`1.StateMachineBox`1.System.Threading.Tasks.Sources.IValueTaskSource<TResult>.GetResult(Int16 token)
   at System.Net.Http.HttpConnection.SendAsync(HttpRequestMessage request, Boolean async, CancellationToken cancellationToken)
   --- End of inner exception stack trace ---
   at System.Net.Http.HttpConnection.SendAsync(HttpRequestMessage request, Boolean async, CancellationToken cancellationToken)
   at System.Net.Http.AuthenticationHelper.SendWithNtAuthAsync(HttpRequestMessage request, Uri authUri, Boolean async, ICredentials credentials, Boolean isProxyAuth, HttpConnection connection, HttpConnectionPool connectionPool, CancellationToken cancellationToken)
   at System.Net.Http.HttpConnectionPool.SendWithVersionDetectionAndRetryAsync(HttpRequestMessage request, Boolean async, Boolean doRequestAuth, CancellationToken cancellationToken)
   at System.Net.Http.AuthenticationHelper.SendWithAuthAsync(HttpRequestMessage request, Uri authUri, Boolean async, ICredentials credentials, Boolean preAuthenticate, Boolean isProxyAuth, Boolean doRequestAuth, HttpConnectionPool pool, CancellationToken cancellationToken)
   at System.Net.Http.RedirectHandler.SendAsync(HttpRequestMessage request, Boolean async, CancellationToken cancellationToken)
   at GitHub.Services.Common.RawHttpMessageHandler.SendAsync(HttpRequestMessage request, CancellationToken cancellationToken)
   at GitHub.Services.Common.VssHttpRetryMessageHandler.SendAsync(HttpRequestMessage request, CancellationToken cancellationToken)
   at System.Net.Http.HttpClient.<SendAsync>g__Core|83_0(HttpRequestMessage request, HttpCompletionOption completionOption, CancellationTokenSource cts, Boolean disposeCts, CancellationTokenSource pendingRequestsCts, CancellationToken originalCancellationToken)
[2026-09-30 10:22:03Z ERR  BrokerServer] #####################################################
[2026-09-30 10:22:03Z ERR  BrokerServer] System.IO.IOException: Unable to read data from the transport connection: The I/O operation has been aborted because of either a thread exit or an application request..
 ---> System.Net.Sockets.SocketException (995): The I/O operation has been aborted because of either a thread exit or an application request.
   --- End of inner exception stack trace ---
   at System.Net.Sockets.Socket.AwaitableSocketAsyncEventArgs.System.Threading.Tasks.Sources.IValueTaskSource<System.Int32>.GetResult(Int16 token)
   at System.Net.Security.SslStream.EnsureFullTlsFrameAsync[TIOAdapter](CancellationToken cancellationToken, Int32 estimatedSize)
   at System.Runtime.CompilerServices.PoolingAsyncValueTaskMethodBuilder`1.StateMachineBox`1.System.Threading.Tasks.Sources.IValueTaskSource<TResult>.GetResult(Int16 token)
   at System.Net.Security.SslStream.ReadAsyncInternal[TIOAdapter](Memory`1 buffer, CancellationToken cancellationToken)
   at System.Runtime.CompilerServices.PoolingAsyncValueTaskMethodBuilder`1.StateMachineBox`1.System.Threading.Tasks.Sources.IValueTaskSource<TResult>.GetResult(Int16 token)
   at System.Net.Http.HttpConnection.SendAsync(HttpRequestMessage request, Boolean async, CancellationToken cancellationToken)
[2026-09-30 10:22:03Z ERR  BrokerServer] #####################################################
[2026-09-30 10:22:03Z ERR  BrokerServer] System.Net.Sockets.SocketException (995): The I/O operation has been aborted because of either a thread exit or an application request.
[2026-09-30 10:22:03Z WARN BrokerServer] Back off 7.967 seconds before next retry. 4 attempt left.
[2026-09-30 10:22:03Z INFO BrokerMessageListener] Get messages has been cancelled using local token source. Continue to get messages with new status.
[2026-09-30 10:24:49Z INFO BrokerMessageListener] Acknowledging runner request 'ae7b0057-d151-5673-8fe1-89323506fe65'.
[2026-09-30 10:24:49Z INFO ConfigurationStore] HasCredentials()
[2026-09-30 10:24:49Z INFO ConfigurationStore] stored True
[2026-09-30 10:24:49Z INFO CredentialManager] GetCredentialProvider
[2026-09-30 10:24:49Z INFO CredentialManager] Creating type OAuth
[2026-09-30 10:24:49Z INFO CredentialManager] Creating credential type: OAuth
[2026-09-30 10:24:49Z INFO RSAEncryptedFileKeyManager] Loading RSA key parameters from file C:\Devops_training\DevOpsCICDProject\actions-runner\.credentials_rsaparams
[2026-09-30 10:24:49Z INFO RSAEncryptedFileKeyManager] Loading RSA key parameters from file C:\Devops_training\DevOpsCICDProject\actions-runner\.credentials_rsaparams
[2026-09-30 10:24:49Z INFO RSAEncryptedFileKeyManager] Loading RSA key parameters from file C:\Devops_training\DevOpsCICDProject\actions-runner\.credentials_rsaparams
[2026-09-30 10:24:51Z INFO GitHubActionsService] AAD Correlation ID for this token request: Unknown
[2026-09-30 10:24:53Z INFO JobDispatcher] Job request 0 for plan a98dca7c-9b0d-8311-b6af-2985fd225201 job ae7b0057-d151-5673-8fe1-89323506fe65 received.
[2026-09-30 10:24:53Z INFO JobDispatcher] Pull OrchestrationId a98dca7c-9b0d-8311-b6af-2985fd225201.deploy.__default from JWT claims
[2026-09-30 10:24:53Z INFO BrokerMessageListener] Received job status event. JobState: Busy
[2026-09-30 10:24:53Z INFO BrokerMessageListener] _getMessagesTokenSource is already disposed.
[2026-09-30 10:24:53Z INFO JobDispatcher] Job request 13017ef0-0246-56e4-bbe9-ffb2ecac05a8 processed succeed.
[2026-09-30 10:24:53Z INFO Terminal] WRITE LINE: 2026-09-30 10:24:53Z: Running job: deploy
[2026-09-30 10:24:53Z INFO JobDispatcher] Start renew job request 0 for job ae7b0057-d151-5673-8fe1-89323506fe65.
[2026-09-30 10:24:53Z INFO JobDispatcher] Successfully renew job ae7b0057-d151-5673-8fe1-89323506fe65, job is valid till 30-09-2026 10:34:54
[2026-09-30 10:24:53Z INFO HostContext] Well known directory 'Bin': 'C:\Devops_training\DevOpsCICDProject\actions-runner\bin'
[2026-09-30 10:24:53Z INFO ProcessInvokerWrapper] Starting process:
[2026-09-30 10:24:53Z INFO ProcessInvokerWrapper]   File name: 'C:\Devops_training\DevOpsCICDProject\actions-runner\bin\Runner.Worker.exe'
[2026-09-30 10:24:53Z INFO ProcessInvokerWrapper]   Arguments: 'spawnclient 2604 2280'
[2026-09-30 10:24:53Z INFO ProcessInvokerWrapper]   Working directory: 'C:\Devops_training\DevOpsCICDProject\actions-runner\bin'
[2026-09-30 10:24:53Z INFO ProcessInvokerWrapper]   Require exit code zero: 'False'
[2026-09-30 10:24:53Z INFO ProcessInvokerWrapper]   Encoding web name:  ; code page: ''
[2026-09-30 10:24:53Z INFO ProcessInvokerWrapper]   Force kill process on cancellation: 'True'
[2026-09-30 10:24:53Z INFO ProcessInvokerWrapper]   Redirected STDIN: 'False'
[2026-09-30 10:24:53Z INFO ProcessInvokerWrapper]   Persist current code page: 'False'
[2026-09-30 10:24:53Z INFO ProcessInvokerWrapper]   Keep redirected STDIN open: 'False'
[2026-09-30 10:24:53Z INFO ProcessInvokerWrapper]   High priority process: 'True'
[2026-09-30 10:24:53Z INFO ProcessInvokerWrapper] Process started with process id 30212, waiting for process exit.
[2026-09-30 10:24:53Z INFO JobDispatcher] Send job request message to worker for job ae7b0057-d151-5673-8fe1-89323506fe65.
[2026-09-30 10:24:53Z INFO ProcessChannel] Sending message of length 27412, with hash '324a68cbb86023709eb155695930a0265c86f77e7356415dd62bacf585fb2d16'
[2026-09-30 10:24:54Z INFO JobNotification] Entering JobStarted Notification
[2026-09-30 10:24:54Z INFO JobNotification] Entering StartMonitor
[2026-09-30 10:25:16Z INFO ProcessInvokerWrapper] STDOUT/STDERR stream read finished.
[2026-09-30 10:25:16Z INFO ProcessInvokerWrapper] STDOUT/STDERR stream read finished.
[2026-09-30 10:25:16Z INFO ProcessInvokerWrapper] Finished process 30212 with exit code 102, and elapsed time 00:00:22.8105224.
[2026-09-30 10:25:16Z INFO JobDispatcher] Worker finished for job ae7b0057-d151-5673-8fe1-89323506fe65. Code: 102
[2026-09-30 10:25:16Z INFO JobDispatcher] finish job request for job ae7b0057-d151-5673-8fe1-89323506fe65 with result: Failed
[2026-09-30 10:25:16Z INFO Terminal] WRITE LINE: 2026-09-30 10:25:16Z: Job deploy completed with result: Failed
[2026-09-30 10:25:16Z INFO JobDispatcher] Stop renew job request for job ae7b0057-d151-5673-8fe1-89323506fe65.
[2026-09-30 10:25:16Z INFO JobDispatcher] job renew has been cancelled, stop renew job ae7b0057-d151-5673-8fe1-89323506fe65.
[2026-09-30 10:25:16Z INFO JobNotification] Entering JobCompleted Notification
[2026-09-30 10:25:16Z INFO JobNotification] Entering EndMonitor
[2026-09-30 10:25:16Z INFO BrokerMessageListener] Received job status event. JobState: Online
[2026-09-30 10:25:16Z WARN GitHubActionsService] GET request to https://broker.actions.githubusercontent.com/message?sessionId=5dc12f98-d8e6-4b52-a60b-2bf6af6c5d41&status=Busy&runnerVersion=2.337.0&os=Windows&architecture=X64&disableUpdate=false has been cancelled.
[2026-09-30 10:25:16Z ERR  BrokerServer] Catch exception during request
[2026-09-30 10:25:16Z ERR  BrokerServer] System.Threading.Tasks.TaskCanceledException: The operation was canceled.
 ---> System.Threading.Tasks.TaskCanceledException: The operation was canceled.
 ---> System.IO.IOException: Unable to read data from the transport connection: The I/O operation has been aborted because of either a thread exit or an application request..
 ---> System.Net.Sockets.SocketException (995): The I/O operation has been aborted because of either a thread exit or an application request.
   --- End of inner exception stack trace ---
   at System.Net.Sockets.Socket.AwaitableSocketAsyncEventArgs.System.Threading.Tasks.Sources.IValueTaskSource<System.Int32>.GetResult(Int16 token)
   at System.Net.Security.SslStream.EnsureFullTlsFrameAsync[TIOAdapter](CancellationToken cancellationToken, Int32 estimatedSize)
   at System.Runtime.CompilerServices.PoolingAsyncValueTaskMethodBuilder`1.StateMachineBox`1.System.Threading.Tasks.Sources.IValueTaskSource<TResult>.GetResult(Int16 token)
   at System.Net.Security.SslStream.ReadAsyncInternal[TIOAdapter](Memory`1 buffer, CancellationToken cancellationToken)
   at System.Runtime.CompilerServices.PoolingAsyncValueTaskMethodBuilder`1.StateMachineBox`1.System.Threading.Tasks.Sources.IValueTaskSource<TResult>.GetResult(Int16 token)
   at System.Net.Http.HttpConnection.SendAsync(HttpRequestMessage request, Boolean async, CancellationToken cancellationToken)
   --- End of inner exception stack trace ---
   at System.Net.Http.HttpConnection.SendAsync(HttpRequestMessage request, Boolean async, CancellationToken cancellationToken)
   at System.Net.Http.AuthenticationHelper.SendWithNtAuthAsync(HttpRequestMessage request, Uri authUri, Boolean async, ICredentials credentials, Boolean isProxyAuth, HttpConnection connection, HttpConnectionPool connectionPool, CancellationToken cancellationToken)
   at System.Net.Http.HttpConnectionPool.SendWithVersionDetectionAndRetryAsync(HttpRequestMessage request, Boolean async, Boolean doRequestAuth, CancellationToken cancellationToken)
   at System.Net.Http.AuthenticationHelper.SendWithAuthAsync(HttpRequestMessage request, Uri authUri, Boolean async, ICredentials credentials, Boolean preAuthenticate, Boolean isProxyAuth, Boolean doRequestAuth, HttpConnectionPool pool, CancellationToken cancellationToken)
   at System.Net.Http.RedirectHandler.SendAsync(HttpRequestMessage request, Boolean async, CancellationToken cancellationToken)
   at GitHub.Services.Common.RawHttpMessageHandler.SendAsync(HttpRequestMessage request, CancellationToken cancellationToken)
   at GitHub.Services.Common.VssHttpRetryMessageHandler.SendAsync(HttpRequestMessage request, CancellationToken cancellationToken)
   at System.Net.Http.HttpClient.<SendAsync>g__Core|83_0(HttpRequestMessage request, HttpCompletionOption completionOption, CancellationTokenSource cts, Boolean disposeCts, CancellationTokenSource pendingRequestsCts, CancellationToken originalCancellationToken)
   --- End of inner exception stack trace ---
   at System.Net.Http.HttpClient.HandleFailure(Exception e, Boolean telemetryStarted, HttpResponseMessage response, CancellationTokenSource cts, CancellationToken cancellationToken, CancellationTokenSource pendingRequestsCts)
   at System.Net.Http.HttpClient.<SendAsync>g__Core|83_0(HttpRequestMessage request, HttpCompletionOption completionOption, CancellationTokenSource cts, Boolean disposeCts, CancellationTokenSource pendingRequestsCts, CancellationToken originalCancellationToken)
   at Sdk.WebApi.WebApi.RawHttpClientBase.SendAsync(HttpRequestMessage message, HttpCompletionOption completionOption, Object userState, CancellationToken cancellationToken)
   at Sdk.WebApi.WebApi.RawHttpClientBase.SendAsync[T](HttpRequestMessage message, Boolean readErrorBody, Object userState, CancellationToken cancellationToken)
   at Sdk.WebApi.WebApi.RawHttpClientBase.SendAsync[T](HttpMethod method, IEnumerable`1 additionalHeaders, Uri requestUri, HttpContent content, IEnumerable`1 queryParameters, Boolean readErrorBody, Object userState, CancellationToken cancellationToken)
   at GitHub.Actions.RunService.WebApi.BrokerHttpClient.GetRunnerMessageAsync(Nullable`1 sessionId, String runnerVersion, Nullable`1 status, String os, String architecture, Nullable`1 disableUpdate, CancellationToken cancellationToken)
   at GitHub.Runner.Common.BrokerServer.<>c__DisplayClass7_0.<<GetRunnerMessageAsync>b__0>d.MoveNext()
--- End of stack trace from previous location ---
   at GitHub.Runner.Common.RunnerService.RetryRequest[T](Func`1 func, CancellationToken cancellationToken, Int32 maxAttempts, Func`2 shouldRetry)
[2026-09-30 10:25:16Z ERR  BrokerServer] #####################################################
[2026-09-30 10:25:16Z ERR  BrokerServer] System.Threading.Tasks.TaskCanceledException: The operation was canceled.
 ---> System.IO.IOException: Unable to read data from the transport connection: The I/O operation has been aborted because of either a thread exit or an application request..
 ---> System.Net.Sockets.SocketException (995): The I/O operation has been aborted because of either a thread exit or an application request.
   --- End of inner exception stack trace ---
   at System.Net.Sockets.Socket.AwaitableSocketAsyncEventArgs.System.Threading.Tasks.Sources.IValueTaskSource<System.Int32>.GetResult(Int16 token)
   at System.Net.Security.SslStream.EnsureFullTlsFrameAsync[TIOAdapter](CancellationToken cancellationToken, Int32 estimatedSize)
   at System.Runtime.CompilerServices.PoolingAsyncValueTaskMethodBuilder`1.StateMachineBox`1.System.Threading.Tasks.Sources.IValueTaskSource<TResult>.GetResult(Int16 token)
   at System.Net.Security.SslStream.ReadAsyncInternal[TIOAdapter](Memory`1 buffer, CancellationToken cancellationToken)
   at System.Runtime.CompilerServices.PoolingAsyncValueTaskMethodBuilder`1.StateMachineBox`1.System.Threading.Tasks.Sources.IValueTaskSource<TResult>.GetResult(Int16 token)
   at System.Net.Http.HttpConnection.SendAsync(HttpRequestMessage request, Boolean async, CancellationToken cancellationToken)
   --- End of inner exception stack trace ---
   at System.Net.Http.HttpConnection.SendAsync(HttpRequestMessage request, Boolean async, CancellationToken cancellationToken)
   at System.Net.Http.AuthenticationHelper.SendWithNtAuthAsync(HttpRequestMessage request, Uri authUri, Boolean async, ICredentials credentials, Boolean isProxyAuth, HttpConnection connection, HttpConnectionPool connectionPool, CancellationToken cancellationToken)
   at System.Net.Http.HttpConnectionPool.SendWithVersionDetectionAndRetryAsync(HttpRequestMessage request, Boolean async, Boolean doRequestAuth, CancellationToken cancellationToken)
   at System.Net.Http.AuthenticationHelper.SendWithAuthAsync(HttpRequestMessage request, Uri authUri, Boolean async, ICredentials credentials, Boolean preAuthenticate, Boolean isProxyAuth, Boolean doRequestAuth, HttpConnectionPool pool, CancellationToken cancellationToken)
   at System.Net.Http.RedirectHandler.SendAsync(HttpRequestMessage request, Boolean async, CancellationToken cancellationToken)
   at GitHub.Services.Common.RawHttpMessageHandler.SendAsync(HttpRequestMessage request, CancellationToken cancellationToken)
   at GitHub.Services.Common.VssHttpRetryMessageHandler.SendAsync(HttpRequestMessage request, CancellationToken cancellationToken)
   at System.Net.Http.HttpClient.<SendAsync>g__Core|83_0(HttpRequestMessage request, HttpCompletionOption completionOption, CancellationTokenSource cts, Boolean disposeCts, CancellationTokenSource pendingRequestsCts, CancellationToken originalCancellationToken)
[2026-09-30 10:25:16Z ERR  BrokerServer] #####################################################
[2026-09-30 10:25:16Z ERR  BrokerServer] System.IO.IOException: Unable to read data from the transport connection: The I/O operation has been aborted because of either a thread exit or an application request..
 ---> System.Net.Sockets.SocketException (995): The I/O operation has been aborted because of either a thread exit or an application request.
   --- End of inner exception stack trace ---
   at System.Net.Sockets.Socket.AwaitableSocketAsyncEventArgs.System.Threading.Tasks.Sources.IValueTaskSource<System.Int32>.GetResult(Int16 token)
   at System.Net.Security.SslStream.EnsureFullTlsFrameAsync[TIOAdapter](CancellationToken cancellationToken, Int32 estimatedSize)
   at System.Runtime.CompilerServices.PoolingAsyncValueTaskMethodBuilder`1.StateMachineBox`1.System.Threading.Tasks.Sources.IValueTaskSource<TResult>.GetResult(Int16 token)
   at System.Net.Security.SslStream.ReadAsyncInternal[TIOAdapter](Memory`1 buffer, CancellationToken cancellationToken)
   at System.Runtime.CompilerServices.PoolingAsyncValueTaskMethodBuilder`1.StateMachineBox`1.System.Threading.Tasks.Sources.IValueTaskSource<TResult>.GetResult(Int16 token)
   at System.Net.Http.HttpConnection.SendAsync(HttpRequestMessage request, Boolean async, CancellationToken cancellationToken)
[2026-09-30 10:25:16Z ERR  BrokerServer] #####################################################
[2026-09-30 10:25:16Z ERR  BrokerServer] System.Net.Sockets.SocketException (995): The I/O operation has been aborted because of either a thread exit or an application request.
[2026-09-30 10:25:16Z WARN BrokerServer] Back off 9.648 seconds before next retry. 4 attempt left.
[2026-09-30 10:25:16Z INFO BrokerMessageListener] Get messages has been cancelled using local token source. Continue to get messages with new status.
[2026-09-30 10:34:22Z INFO BrokerMessageListener] Acknowledging runner request '191e84f0-83e4-582b-82c5-6b65d91b727b'.
[2026-09-30 10:34:23Z INFO ConfigurationStore] HasCredentials()
[2026-09-30 10:34:23Z INFO ConfigurationStore] stored True
[2026-09-30 10:34:23Z INFO CredentialManager] GetCredentialProvider
[2026-09-30 10:34:23Z INFO CredentialManager] Creating type OAuth
[2026-09-30 10:34:23Z INFO CredentialManager] Creating credential type: OAuth
[2026-09-30 10:34:23Z INFO RSAEncryptedFileKeyManager] Loading RSA key parameters from file C:\Devops_training\DevOpsCICDProject\actions-runner\.credentials_rsaparams
[2026-09-30 10:34:23Z INFO RSAEncryptedFileKeyManager] Loading RSA key parameters from file C:\Devops_training\DevOpsCICDProject\actions-runner\.credentials_rsaparams
[2026-09-30 10:34:23Z INFO RSAEncryptedFileKeyManager] Loading RSA key parameters from file C:\Devops_training\DevOpsCICDProject\actions-runner\.credentials_rsaparams
[2026-09-30 10:34:24Z INFO GitHubActionsService] AAD Correlation ID for this token request: Unknown
[2026-09-30 10:34:26Z INFO JobDispatcher] Job request 0 for plan 014428d6-de3e-8a71-9857-ffac45ab7a5b job 191e84f0-83e4-582b-82c5-6b65d91b727b received.
[2026-09-30 10:34:26Z INFO JobDispatcher] Pull OrchestrationId 014428d6-de3e-8a71-9857-ffac45ab7a5b.deploy.__default from JWT claims
[2026-09-30 10:34:26Z INFO BrokerMessageListener] Received job status event. JobState: Busy
[2026-09-30 10:34:26Z INFO BrokerMessageListener] _getMessagesTokenSource is already disposed.
[2026-09-30 10:34:26Z INFO JobDispatcher] Job request ae7b0057-d151-5673-8fe1-89323506fe65 processed succeed.
[2026-09-30 10:34:26Z INFO Terminal] WRITE LINE: 2026-09-30 10:34:26Z: Running job: deploy
[2026-09-30 10:34:26Z INFO JobDispatcher] Start renew job request 0 for job 191e84f0-83e4-582b-82c5-6b65d91b727b.
[2026-09-30 10:34:27Z INFO JobDispatcher] Successfully renew job 191e84f0-83e4-582b-82c5-6b65d91b727b, job is valid till 30-09-2026 10:44:27
[2026-09-30 10:34:27Z INFO HostContext] Well known directory 'Bin': 'C:\Devops_training\DevOpsCICDProject\actions-runner\bin'
[2026-09-30 10:34:27Z INFO ProcessInvokerWrapper] Starting process:
[2026-09-30 10:34:27Z INFO ProcessInvokerWrapper]   File name: 'C:\Devops_training\DevOpsCICDProject\actions-runner\bin\Runner.Worker.exe'
[2026-09-30 10:34:27Z INFO ProcessInvokerWrapper]   Arguments: 'spawnclient 2508 1304'
[2026-09-30 10:34:27Z INFO ProcessInvokerWrapper]   Working directory: 'C:\Devops_training\DevOpsCICDProject\actions-runner\bin'
[2026-09-30 10:34:27Z INFO ProcessInvokerWrapper]   Require exit code zero: 'False'
[2026-09-30 10:34:27Z INFO ProcessInvokerWrapper]   Encoding web name:  ; code page: ''
[2026-09-30 10:34:27Z INFO ProcessInvokerWrapper]   Force kill process on cancellation: 'True'
[2026-09-30 10:34:27Z INFO ProcessInvokerWrapper]   Redirected STDIN: 'False'
[2026-09-30 10:34:27Z INFO ProcessInvokerWrapper]   Persist current code page: 'False'
[2026-09-30 10:34:27Z INFO ProcessInvokerWrapper]   Keep redirected STDIN open: 'False'
[2026-09-30 10:34:27Z INFO ProcessInvokerWrapper]   High priority process: 'True'
[2026-09-30 10:34:27Z INFO ProcessInvokerWrapper] Process started with process id 25944, waiting for process exit.
[2026-09-30 10:34:27Z INFO JobDispatcher] Send job request message to worker for job 191e84f0-83e4-582b-82c5-6b65d91b727b.
[2026-09-30 10:34:27Z INFO ProcessChannel] Sending message of length 27229, with hash 'd93c6285f4c967eecc5dd23d00b4a8f0d9378d4d211084d557aca8dd12dccb0b'
[2026-09-30 10:34:27Z INFO JobNotification] Entering JobStarted Notification
[2026-09-30 10:34:27Z INFO JobNotification] Entering StartMonitor
[2026-09-30 10:34:49Z INFO ProcessInvokerWrapper] STDOUT/STDERR stream read finished.
[2026-09-30 10:34:49Z INFO ProcessInvokerWrapper] STDOUT/STDERR stream read finished.
[2026-09-30 10:34:49Z INFO ProcessInvokerWrapper] Finished process 25944 with exit code 102, and elapsed time 00:00:22.4061145.
[2026-09-30 10:34:49Z INFO JobDispatcher] Worker finished for job 191e84f0-83e4-582b-82c5-6b65d91b727b. Code: 102
[2026-09-30 10:34:49Z INFO JobDispatcher] finish job request for job 191e84f0-83e4-582b-82c5-6b65d91b727b with result: Failed
[2026-09-30 10:34:49Z INFO Terminal] WRITE LINE: 2026-09-30 10:34:49Z: Job deploy completed with result: Failed
[2026-09-30 10:34:49Z INFO JobDispatcher] Stop renew job request for job 191e84f0-83e4-582b-82c5-6b65d91b727b.
[2026-09-30 10:34:49Z INFO JobDispatcher] job renew has been cancelled, stop renew job 191e84f0-83e4-582b-82c5-6b65d91b727b.
[2026-09-30 10:34:49Z INFO JobNotification] Entering JobCompleted Notification
[2026-09-30 10:34:49Z INFO JobNotification] Entering EndMonitor
[2026-09-30 10:34:49Z INFO BrokerMessageListener] Received job status event. JobState: Online
[2026-09-30 10:34:49Z WARN GitHubActionsService] GET request to https://broker.actions.githubusercontent.com/message?sessionId=5dc12f98-d8e6-4b52-a60b-2bf6af6c5d41&status=Busy&runnerVersion=2.337.0&os=Windows&architecture=X64&disableUpdate=false has been cancelled.
[2026-09-30 10:34:49Z ERR  BrokerServer] Catch exception during request
[2026-09-30 10:34:49Z ERR  BrokerServer] System.Threading.Tasks.TaskCanceledException: The operation was canceled.
 ---> System.Threading.Tasks.TaskCanceledException: The operation was canceled.
 ---> System.IO.IOException: Unable to read data from the transport connection: The I/O operation has been aborted because of either a thread exit or an application request..
 ---> System.Net.Sockets.SocketException (995): The I/O operation has been aborted because of either a thread exit or an application request.
   --- End of inner exception stack trace ---
   at System.Net.Sockets.Socket.AwaitableSocketAsyncEventArgs.System.Threading.Tasks.Sources.IValueTaskSource<System.Int32>.GetResult(Int16 token)
   at System.Net.Security.SslStream.EnsureFullTlsFrameAsync[TIOAdapter](CancellationToken cancellationToken, Int32 estimatedSize)
   at System.Runtime.CompilerServices.PoolingAsyncValueTaskMethodBuilder`1.StateMachineBox`1.System.Threading.Tasks.Sources.IValueTaskSource<TResult>.GetResult(Int16 token)
   at System.Net.Security.SslStream.ReadAsyncInternal[TIOAdapter](Memory`1 buffer, CancellationToken cancellationToken)
   at System.Runtime.CompilerServices.PoolingAsyncValueTaskMethodBuilder`1.StateMachineBox`1.System.Threading.Tasks.Sources.IValueTaskSource<TResult>.GetResult(Int16 token)
   at System.Net.Http.HttpConnection.SendAsync(HttpRequestMessage request, Boolean async, CancellationToken cancellationToken)
   --- End of inner exception stack trace ---
   at System.Net.Http.HttpConnection.SendAsync(HttpRequestMessage request, Boolean async, CancellationToken cancellationToken)
   at System.Net.Http.AuthenticationHelper.SendWithNtAuthAsync(HttpRequestMessage request, Uri authUri, Boolean async, ICredentials credentials, Boolean isProxyAuth, HttpConnection connection, HttpConnectionPool connectionPool, CancellationToken cancellationToken)
   at System.Net.Http.HttpConnectionPool.SendWithVersionDetectionAndRetryAsync(HttpRequestMessage request, Boolean async, Boolean doRequestAuth, CancellationToken cancellationToken)
   at System.Net.Http.AuthenticationHelper.SendWithAuthAsync(HttpRequestMessage request, Uri authUri, Boolean async, ICredentials credentials, Boolean preAuthenticate, Boolean isProxyAuth, Boolean doRequestAuth, HttpConnectionPool pool, CancellationToken cancellationToken)
   at System.Net.Http.RedirectHandler.SendAsync(HttpRequestMessage request, Boolean async, CancellationToken cancellationToken)
   at GitHub.Services.Common.RawHttpMessageHandler.SendAsync(HttpRequestMessage request, CancellationToken cancellationToken)
   at GitHub.Services.Common.VssHttpRetryMessageHandler.SendAsync(HttpRequestMessage request, CancellationToken cancellationToken)
   at System.Net.Http.HttpClient.<SendAsync>g__Core|83_0(HttpRequestMessage request, HttpCompletionOption completionOption, CancellationTokenSource cts, Boolean disposeCts, CancellationTokenSource pendingRequestsCts, CancellationToken originalCancellationToken)
   --- End of inner exception stack trace ---
   at System.Net.Http.HttpClient.HandleFailure(Exception e, Boolean telemetryStarted, HttpResponseMessage response, CancellationTokenSource cts, CancellationToken cancellationToken, CancellationTokenSource pendingRequestsCts)
   at System.Net.Http.HttpClient.<SendAsync>g__Core|83_0(HttpRequestMessage request, HttpCompletionOption completionOption, CancellationTokenSource cts, Boolean disposeCts, CancellationTokenSource pendingRequestsCts, CancellationToken originalCancellationToken)
   at Sdk.WebApi.WebApi.RawHttpClientBase.SendAsync(HttpRequestMessage message, HttpCompletionOption completionOption, Object userState, CancellationToken cancellationToken)
   at Sdk.WebApi.WebApi.RawHttpClientBase.SendAsync[T](HttpRequestMessage message, Boolean readErrorBody, Object userState, CancellationToken cancellationToken)
   at Sdk.WebApi.WebApi.RawHttpClientBase.SendAsync[T](HttpMethod method, IEnumerable`1 additionalHeaders, Uri requestUri, HttpContent content, IEnumerable`1 queryParameters, Boolean readErrorBody, Object userState, CancellationToken cancellationToken)
   at GitHub.Actions.RunService.WebApi.BrokerHttpClient.GetRunnerMessageAsync(Nullable`1 sessionId, String runnerVersion, Nullable`1 status, String os, String architecture, Nullable`1 disableUpdate, CancellationToken cancellationToken)
   at GitHub.Runner.Common.BrokerServer.<>c__DisplayClass7_0.<<GetRunnerMessageAsync>b__0>d.MoveNext()
--- End of stack trace from previous location ---
   at GitHub.Runner.Common.RunnerService.RetryRequest[T](Func`1 func, CancellationToken cancellationToken, Int32 maxAttempts, Func`2 shouldRetry)
[2026-09-30 10:34:49Z ERR  BrokerServer] #####################################################
[2026-09-30 10:34:49Z ERR  BrokerServer] System.Threading.Tasks.TaskCanceledException: The operation was canceled.
 ---> System.IO.IOException: Unable to read data from the transport connection: The I/O operation has been aborted because of either a thread exit or an application request..
 ---> System.Net.Sockets.SocketException (995): The I/O operation has been aborted because of either a thread exit or an application request.
   --- End of inner exception stack trace ---
   at System.Net.Sockets.Socket.AwaitableSocketAsyncEventArgs.System.Threading.Tasks.Sources.IValueTaskSource<System.Int32>.GetResult(Int16 token)
   at System.Net.Security.SslStream.EnsureFullTlsFrameAsync[TIOAdapter](CancellationToken cancellationToken, Int32 estimatedSize)
   at System.Runtime.CompilerServices.PoolingAsyncValueTaskMethodBuilder`1.StateMachineBox`1.System.Threading.Tasks.Sources.IValueTaskSource<TResult>.GetResult(Int16 token)
   at System.Net.Security.SslStream.ReadAsyncInternal[TIOAdapter](Memory`1 buffer, CancellationToken cancellationToken)
   at System.Runtime.CompilerServices.PoolingAsyncValueTaskMethodBuilder`1.StateMachineBox`1.System.Threading.Tasks.Sources.IValueTaskSource<TResult>.GetResult(Int16 token)
   at System.Net.Http.HttpConnection.SendAsync(HttpRequestMessage request, Boolean async, CancellationToken cancellationToken)
   --- End of inner exception stack trace ---
   at System.Net.Http.HttpConnection.SendAsync(HttpRequestMessage request, Boolean async, CancellationToken cancellationToken)
   at System.Net.Http.AuthenticationHelper.SendWithNtAuthAsync(HttpRequestMessage request, Uri authUri, Boolean async, ICredentials credentials, Boolean isProxyAuth, HttpConnection connection, HttpConnectionPool connectionPool, CancellationToken cancellationToken)
   at System.Net.Http.HttpConnectionPool.SendWithVersionDetectionAndRetryAsync(HttpRequestMessage request, Boolean async, Boolean doRequestAuth, CancellationToken cancellationToken)
   at System.Net.Http.AuthenticationHelper.SendWithAuthAsync(HttpRequestMessage request, Uri authUri, Boolean async, ICredentials credentials, Boolean preAuthenticate, Boolean isProxyAuth, Boolean doRequestAuth, HttpConnectionPool pool, CancellationToken cancellationToken)
   at System.Net.Http.RedirectHandler.SendAsync(HttpRequestMessage request, Boolean async, CancellationToken cancellationToken)
   at GitHub.Services.Common.RawHttpMessageHandler.SendAsync(HttpRequestMessage request, CancellationToken cancellationToken)
   at GitHub.Services.Common.VssHttpRetryMessageHandler.SendAsync(HttpRequestMessage request, CancellationToken cancellationToken)
   at System.Net.Http.HttpClient.<SendAsync>g__Core|83_0(HttpRequestMessage request, HttpCompletionOption completionOption, CancellationTokenSource cts, Boolean disposeCts, CancellationTokenSource pendingRequestsCts, CancellationToken originalCancellationToken)
[2026-09-30 10:34:49Z ERR  BrokerServer] #####################################################
[2026-09-30 10:34:49Z ERR  BrokerServer] System.IO.IOException: Unable to read data from the transport connection: The I/O operation has been aborted because of either a thread exit or an application request..
 ---> System.Net.Sockets.SocketException (995): The I/O operation has been aborted because of either a thread exit or an application request.
   --- End of inner exception stack trace ---
   at System.Net.Sockets.Socket.AwaitableSocketAsyncEventArgs.System.Threading.Tasks.Sources.IValueTaskSource<System.Int32>.GetResult(Int16 token)
   at System.Net.Security.SslStream.EnsureFullTlsFrameAsync[TIOAdapter](CancellationToken cancellationToken, Int32 estimatedSize)
   at System.Runtime.CompilerServices.PoolingAsyncValueTaskMethodBuilder`1.StateMachineBox`1.System.Threading.Tasks.Sources.IValueTaskSource<TResult>.GetResult(Int16 token)
   at System.Net.Security.SslStream.ReadAsyncInternal[TIOAdapter](Memory`1 buffer, CancellationToken cancellationToken)
   at System.Runtime.CompilerServices.PoolingAsyncValueTaskMethodBuilder`1.StateMachineBox`1.System.Threading.Tasks.Sources.IValueTaskSource<TResult>.GetResult(Int16 token)
   at System.Net.Http.HttpConnection.SendAsync(HttpRequestMessage request, Boolean async, CancellationToken cancellationToken)
[2026-09-30 10:34:49Z ERR  BrokerServer] #####################################################
[2026-09-30 10:34:49Z ERR  BrokerServer] System.Net.Sockets.SocketException (995): The I/O operation has been aborted because of either a thread exit or an application request.
[2026-09-30 10:34:49Z WARN BrokerServer] Back off 10.628 seconds before next retry. 4 attempt left.
[2026-09-30 10:34:49Z INFO BrokerMessageListener] Get messages has been cancelled using local token source. Continue to get messages with new status.
[2026-09-30 10:36:50Z INFO RSAEncryptedFileKeyManager] Loading RSA key parameters from file C:\Devops_training\DevOpsCICDProject\actions-runner\.credentials_rsaparams
[2026-09-30 10:36:52Z INFO GitHubActionsService] AAD Correlation ID for this token request: Unknown
[2026-09-30 10:48:08Z INFO BrokerMessageListener] Acknowledging runner request '1ba0da49-f792-5127-bad3-3920b1ff69c4'.
[2026-09-30 10:48:09Z INFO ConfigurationStore] HasCredentials()
[2026-09-30 10:48:09Z INFO ConfigurationStore] stored True
[2026-09-30 10:48:09Z INFO CredentialManager] GetCredentialProvider
[2026-09-30 10:48:09Z INFO CredentialManager] Creating type OAuth
[2026-09-30 10:48:09Z INFO CredentialManager] Creating credential type: OAuth
[2026-09-30 10:48:09Z INFO RSAEncryptedFileKeyManager] Loading RSA key parameters from file C:\Devops_training\DevOpsCICDProject\actions-runner\.credentials_rsaparams
[2026-09-30 10:48:09Z INFO RSAEncryptedFileKeyManager] Loading RSA key parameters from file C:\Devops_training\DevOpsCICDProject\actions-runner\.credentials_rsaparams
[2026-09-30 10:48:09Z INFO RSAEncryptedFileKeyManager] Loading RSA key parameters from file C:\Devops_training\DevOpsCICDProject\actions-runner\.credentials_rsaparams
[2026-09-30 10:48:10Z INFO GitHubActionsService] AAD Correlation ID for this token request: Unknown
[2026-09-30 10:48:11Z INFO JobDispatcher] Job request 0 for plan 67df7ce1-d078-8870-b955-51e73dc2e579 job 1ba0da49-f792-5127-bad3-3920b1ff69c4 received.
[2026-09-30 10:48:11Z INFO JobDispatcher] Pull OrchestrationId 67df7ce1-d078-8870-b955-51e73dc2e579.deploy.__default from JWT claims
[2026-09-30 10:48:11Z INFO BrokerMessageListener] Received job status event. JobState: Busy
[2026-09-30 10:48:11Z INFO BrokerMessageListener] _getMessagesTokenSource is already disposed.
[2026-09-30 10:48:11Z INFO JobDispatcher] Job request 191e84f0-83e4-582b-82c5-6b65d91b727b processed succeed.
[2026-09-30 10:48:11Z INFO Terminal] WRITE LINE: 2026-09-30 10:48:11Z: Running job: deploy
[2026-09-30 10:48:11Z INFO JobDispatcher] Start renew job request 0 for job 1ba0da49-f792-5127-bad3-3920b1ff69c4.
[2026-09-30 10:48:12Z INFO JobDispatcher] Successfully renew job 1ba0da49-f792-5127-bad3-3920b1ff69c4, job is valid till 30-09-2026 10:58:13
[2026-09-30 10:48:12Z INFO HostContext] Well known directory 'Bin': 'C:\Devops_training\DevOpsCICDProject\actions-runner\bin'
[2026-09-30 10:48:12Z INFO ProcessInvokerWrapper] Starting process:
[2026-09-30 10:48:12Z INFO ProcessInvokerWrapper]   File name: 'C:\Devops_training\DevOpsCICDProject\actions-runner\bin\Runner.Worker.exe'
[2026-09-30 10:48:12Z INFO ProcessInvokerWrapper]   Arguments: 'spawnclient 2768 1460'
[2026-09-30 10:48:12Z INFO ProcessInvokerWrapper]   Working directory: 'C:\Devops_training\DevOpsCICDProject\actions-runner\bin'
[2026-09-30 10:48:12Z INFO ProcessInvokerWrapper]   Require exit code zero: 'False'
[2026-09-30 10:48:12Z INFO ProcessInvokerWrapper]   Encoding web name:  ; code page: ''
[2026-09-30 10:48:12Z INFO ProcessInvokerWrapper]   Force kill process on cancellation: 'True'
[2026-09-30 10:48:12Z INFO ProcessInvokerWrapper]   Redirected STDIN: 'False'
[2026-09-30 10:48:12Z INFO ProcessInvokerWrapper]   Persist current code page: 'False'
[2026-09-30 10:48:12Z INFO ProcessInvokerWrapper]   Keep redirected STDIN open: 'False'
[2026-09-30 10:48:12Z INFO ProcessInvokerWrapper]   High priority process: 'True'
[2026-09-30 10:48:12Z INFO ProcessInvokerWrapper] Process started with process id 24636, waiting for process exit.
[2026-09-30 10:48:12Z INFO JobDispatcher] Send job request message to worker for job 1ba0da49-f792-5127-bad3-3920b1ff69c4.
[2026-09-30 10:48:12Z INFO ProcessChannel] Sending message of length 27028, with hash '6c83e263c40a024ffa7023de0b47c4b5f48044c73b64aa0675faa171d20b84bb'
[2026-09-30 10:48:12Z INFO JobNotification] Entering JobStarted Notification
[2026-09-30 10:48:12Z INFO JobNotification] Entering StartMonitor
[2026-09-30 10:48:30Z INFO ProcessInvokerWrapper] STDOUT/STDERR stream read finished.
[2026-09-30 10:48:30Z INFO ProcessInvokerWrapper] STDOUT/STDERR stream read finished.
[2026-09-30 10:48:30Z INFO ProcessInvokerWrapper] Finished process 24636 with exit code 102, and elapsed time 00:00:17.6622411.
[2026-09-30 10:48:30Z INFO JobDispatcher] Worker finished for job 1ba0da49-f792-5127-bad3-3920b1ff69c4. Code: 102
[2026-09-30 10:48:30Z INFO JobDispatcher] finish job request for job 1ba0da49-f792-5127-bad3-3920b1ff69c4 with result: Failed
[2026-09-30 10:48:30Z INFO Terminal] WRITE LINE: 2026-09-30 10:48:30Z: Job deploy completed with result: Failed
[2026-09-30 10:48:30Z INFO JobDispatcher] Stop renew job request for job 1ba0da49-f792-5127-bad3-3920b1ff69c4.
[2026-09-30 10:48:30Z INFO JobDispatcher] job renew has been cancelled, stop renew job 1ba0da49-f792-5127-bad3-3920b1ff69c4.
[2026-09-30 10:48:30Z INFO JobNotification] Entering JobCompleted Notification
[2026-09-30 10:48:30Z INFO JobNotification] Entering EndMonitor
[2026-09-30 10:48:30Z INFO BrokerMessageListener] Received job status event. JobState: Online
[2026-09-30 10:48:30Z WARN GitHubActionsService] GET request to https://broker.actions.githubusercontent.com/message?sessionId=5dc12f98-d8e6-4b52-a60b-2bf6af6c5d41&status=Busy&runnerVersion=2.337.0&os=Windows&architecture=X64&disableUpdate=false has been cancelled.
[2026-09-30 10:48:30Z ERR  BrokerServer] Catch exception during request
[2026-09-30 10:48:30Z ERR  BrokerServer] System.Threading.Tasks.TaskCanceledException: The operation was canceled.
 ---> System.Threading.Tasks.TaskCanceledException: The operation was canceled.
 ---> System.IO.IOException: Unable to read data from the transport connection: The I/O operation has been aborted because of either a thread exit or an application request..
 ---> System.Net.Sockets.SocketException (995): The I/O operation has been aborted because of either a thread exit or an application request.
   --- End of inner exception stack trace ---
   at System.Net.Sockets.Socket.AwaitableSocketAsyncEventArgs.System.Threading.Tasks.Sources.IValueTaskSource<System.Int32>.GetResult(Int16 token)
   at System.Net.Security.SslStream.EnsureFullTlsFrameAsync[TIOAdapter](CancellationToken cancellationToken, Int32 estimatedSize)
   at System.Runtime.CompilerServices.PoolingAsyncValueTaskMethodBuilder`1.StateMachineBox`1.System.Threading.Tasks.Sources.IValueTaskSource<TResult>.GetResult(Int16 token)
   at System.Net.Security.SslStream.ReadAsyncInternal[TIOAdapter](Memory`1 buffer, CancellationToken cancellationToken)
   at System.Runtime.CompilerServices.PoolingAsyncValueTaskMethodBuilder`1.StateMachineBox`1.System.Threading.Tasks.Sources.IValueTaskSource<TResult>.GetResult(Int16 token)
   at System.Net.Http.HttpConnection.SendAsync(HttpRequestMessage request, Boolean async, CancellationToken cancellationToken)
   --- End of inner exception stack trace ---
   at System.Net.Http.HttpConnection.SendAsync(HttpRequestMessage request, Boolean async, CancellationToken cancellationToken)
   at System.Net.Http.AuthenticationHelper.SendWithNtAuthAsync(HttpRequestMessage request, Uri authUri, Boolean async, ICredentials credentials, Boolean isProxyAuth, HttpConnection connection, HttpConnectionPool connectionPool, CancellationToken cancellationToken)
   at System.Net.Http.HttpConnectionPool.SendWithVersionDetectionAndRetryAsync(HttpRequestMessage request, Boolean async, Boolean doRequestAuth, CancellationToken cancellationToken)
   at System.Net.Http.AuthenticationHelper.SendWithAuthAsync(HttpRequestMessage request, Uri authUri, Boolean async, ICredentials credentials, Boolean preAuthenticate, Boolean isProxyAuth, Boolean doRequestAuth, HttpConnectionPool pool, CancellationToken cancellationToken)
   at System.Net.Http.RedirectHandler.SendAsync(HttpRequestMessage request, Boolean async, CancellationToken cancellationToken)
   at GitHub.Services.Common.RawHttpMessageHandler.SendAsync(HttpRequestMessage request, CancellationToken cancellationToken)
   at GitHub.Services.Common.VssHttpRetryMessageHandler.SendAsync(HttpRequestMessage request, CancellationToken cancellationToken)
   at System.Net.Http.HttpClient.<SendAsync>g__Core|83_0(HttpRequestMessage request, HttpCompletionOption completionOption, CancellationTokenSource cts, Boolean disposeCts, CancellationTokenSource pendingRequestsCts, CancellationToken originalCancellationToken)
   --- End of inner exception stack trace ---
   at System.Net.Http.HttpClient.HandleFailure(Exception e, Boolean telemetryStarted, HttpResponseMessage response, CancellationTokenSource cts, CancellationToken cancellationToken, CancellationTokenSource pendingRequestsCts)
   at System.Net.Http.HttpClient.<SendAsync>g__Core|83_0(HttpRequestMessage request, HttpCompletionOption completionOption, CancellationTokenSource cts, Boolean disposeCts, CancellationTokenSource pendingRequestsCts, CancellationToken originalCancellationToken)
   at Sdk.WebApi.WebApi.RawHttpClientBase.SendAsync(HttpRequestMessage message, HttpCompletionOption completionOption, Object userState, CancellationToken cancellationToken)
   at Sdk.WebApi.WebApi.RawHttpClientBase.SendAsync[T](HttpRequestMessage message, Boolean readErrorBody, Object userState, CancellationToken cancellationToken)
   at Sdk.WebApi.WebApi.RawHttpClientBase.SendAsync[T](HttpMethod method, IEnumerable`1 additionalHeaders, Uri requestUri, HttpContent content, IEnumerable`1 queryParameters, Boolean readErrorBody, Object userState, CancellationToken cancellationToken)
   at GitHub.Actions.RunService.WebApi.BrokerHttpClient.GetRunnerMessageAsync(Nullable`1 sessionId, String runnerVersion, Nullable`1 status, String os, String architecture, Nullable`1 disableUpdate, CancellationToken cancellationToken)
   at GitHub.Runner.Common.BrokerServer.<>c__DisplayClass7_0.<<GetRunnerMessageAsync>b__0>d.MoveNext()
--- End of stack trace from previous location ---
   at GitHub.Runner.Common.RunnerService.RetryRequest[T](Func`1 func, CancellationToken cancellationToken, Int32 maxAttempts, Func`2 shouldRetry)
[2026-09-30 10:48:30Z ERR  BrokerServer] #####################################################
[2026-09-30 10:48:30Z ERR  BrokerServer] System.Threading.Tasks.TaskCanceledException: The operation was canceled.
 ---> System.IO.IOException: Unable to read data from the transport connection: The I/O operation has been aborted because of either a thread exit or an application request..
 ---> System.Net.Sockets.SocketException (995): The I/O operation has been aborted because of either a thread exit or an application request.
   --- End of inner exception stack trace ---
   at System.Net.Sockets.Socket.AwaitableSocketAsyncEventArgs.System.Threading.Tasks.Sources.IValueTaskSource<System.Int32>.GetResult(Int16 token)
   at System.Net.Security.SslStream.EnsureFullTlsFrameAsync[TIOAdapter](CancellationToken cancellationToken, Int32 estimatedSize)
   at System.Runtime.CompilerServices.PoolingAsyncValueTaskMethodBuilder`1.StateMachineBox`1.System.Threading.Tasks.Sources.IValueTaskSource<TResult>.GetResult(Int16 token)
   at System.Net.Security.SslStream.ReadAsyncInternal[TIOAdapter](Memory`1 buffer, CancellationToken cancellationToken)
   at System.Runtime.CompilerServices.PoolingAsyncValueTaskMethodBuilder`1.StateMachineBox`1.System.Threading.Tasks.Sources.IValueTaskSource<TResult>.GetResult(Int16 token)
   at System.Net.Http.HttpConnection.SendAsync(HttpRequestMessage request, Boolean async, CancellationToken cancellationToken)
   --- End of inner exception stack trace ---
   at System.Net.Http.HttpConnection.SendAsync(HttpRequestMessage request, Boolean async, CancellationToken cancellationToken)
   at System.Net.Http.AuthenticationHelper.SendWithNtAuthAsync(HttpRequestMessage request, Uri authUri, Boolean async, ICredentials credentials, Boolean isProxyAuth, HttpConnection connection, HttpConnectionPool connectionPool, CancellationToken cancellationToken)
   at System.Net.Http.HttpConnectionPool.SendWithVersionDetectionAndRetryAsync(HttpRequestMessage request, Boolean async, Boolean doRequestAuth, CancellationToken cancellationToken)
   at System.Net.Http.AuthenticationHelper.SendWithAuthAsync(HttpRequestMessage request, Uri authUri, Boolean async, ICredentials credentials, Boolean preAuthenticate, Boolean isProxyAuth, Boolean doRequestAuth, HttpConnectionPool pool, CancellationToken cancellationToken)
   at System.Net.Http.RedirectHandler.SendAsync(HttpRequestMessage request, Boolean async, CancellationToken cancellationToken)
   at GitHub.Services.Common.RawHttpMessageHandler.SendAsync(HttpRequestMessage request, CancellationToken cancellationToken)
   at GitHub.Services.Common.VssHttpRetryMessageHandler.SendAsync(HttpRequestMessage request, CancellationToken cancellationToken)
   at System.Net.Http.HttpClient.<SendAsync>g__Core|83_0(HttpRequestMessage request, HttpCompletionOption completionOption, CancellationTokenSource cts, Boolean disposeCts, CancellationTokenSource pendingRequestsCts, CancellationToken originalCancellationToken)
[2026-09-30 10:48:30Z ERR  BrokerServer] #####################################################
[2026-09-30 10:48:30Z ERR  BrokerServer] System.IO.IOException: Unable to read data from the transport connection: The I/O operation has been aborted because of either a thread exit or an application request..
 ---> System.Net.Sockets.SocketException (995): The I/O operation has been aborted because of either a thread exit or an application request.
   --- End of inner exception stack trace ---
   at System.Net.Sockets.Socket.AwaitableSocketAsyncEventArgs.System.Threading.Tasks.Sources.IValueTaskSource<System.Int32>.GetResult(Int16 token)
   at System.Net.Security.SslStream.EnsureFullTlsFrameAsync[TIOAdapter](CancellationToken cancellationToken, Int32 estimatedSize)
   at System.Runtime.CompilerServices.PoolingAsyncValueTaskMethodBuilder`1.StateMachineBox`1.System.Threading.Tasks.Sources.IValueTaskSource<TResult>.GetResult(Int16 token)
   at System.Net.Security.SslStream.ReadAsyncInternal[TIOAdapter](Memory`1 buffer, CancellationToken cancellationToken)
   at System.Runtime.CompilerServices.PoolingAsyncValueTaskMethodBuilder`1.StateMachineBox`1.System.Threading.Tasks.Sources.IValueTaskSource<TResult>.GetResult(Int16 token)
   at System.Net.Http.HttpConnection.SendAsync(HttpRequestMessage request, Boolean async, CancellationToken cancellationToken)
[2026-09-30 10:48:30Z ERR  BrokerServer] #####################################################
[2026-09-30 10:48:30Z ERR  BrokerServer] System.Net.Sockets.SocketException (995): The I/O operation has been aborted because of either a thread exit or an application request.
[2026-09-30 10:48:30Z WARN BrokerServer] Back off 7.289 seconds before next retry. 4 attempt left.
[2026-09-30 10:48:30Z INFO BrokerMessageListener] Get messages has been cancelled using local token source. Continue to get messages with new status.
[2026-09-30 11:20:37Z INFO HostContext] Runner will be shutdown for UserCancelled
[2026-09-30 11:20:37Z WARN GitHubActionsService] GET request to https://broker.actions.githubusercontent.com/message?sessionId=5dc12f98-d8e6-4b52-a60b-2bf6af6c5d41&status=Online&runnerVersion=2.337.0&os=Windows&architecture=X64&disableUpdate=false has been cancelled.
[2026-09-30 11:20:37Z ERR  BrokerServer] Catch exception during request
[2026-09-30 11:20:37Z ERR  BrokerServer] System.Threading.Tasks.TaskCanceledException: The operation was canceled.
 ---> System.Threading.Tasks.TaskCanceledException: The operation was canceled.
 ---> System.IO.IOException: Unable to read data from the transport connection: The I/O operation has been aborted because of either a thread exit or an application request..
 ---> System.Net.Sockets.SocketException (995): The I/O operation has been aborted because of either a thread exit or an application request.
   --- End of inner exception stack trace ---
   at System.Net.Sockets.Socket.AwaitableSocketAsyncEventArgs.System.Threading.Tasks.Sources.IValueTaskSource<System.Int32>.GetResult(Int16 token)
   at System.Net.Security.SslStream.EnsureFullTlsFrameAsync[TIOAdapter](CancellationToken cancellationToken, Int32 estimatedSize)
   at System.Runtime.CompilerServices.PoolingAsyncValueTaskMethodBuilder`1.StateMachineBox`1.System.Threading.Tasks.Sources.IValueTaskSource<TResult>.GetResult(Int16 token)
   at System.Net.Security.SslStream.ReadAsyncInternal[TIOAdapter](Memory`1 buffer, CancellationToken cancellationToken)
   at System.Runtime.CompilerServices.PoolingAsyncValueTaskMethodBuilder`1.StateMachineBox`1.System.Threading.Tasks.Sources.IValueTaskSource<TResult>.GetResult(Int16 token)
   at System.Net.Http.HttpConnection.SendAsync(HttpRequestMessage request, Boolean async, CancellationToken cancellationToken)
   --- End of inner exception stack trace ---
   at System.Net.Http.HttpConnection.SendAsync(HttpRequestMessage request, Boolean async, CancellationToken cancellationToken)
   at System.Net.Http.AuthenticationHelper.SendWithNtAuthAsync(HttpRequestMessage request, Uri authUri, Boolean async, ICredentials credentials, Boolean isProxyAuth, HttpConnection connection, HttpConnectionPool connectionPool, CancellationToken cancellationToken)
   at System.Net.Http.HttpConnectionPool.SendWithVersionDetectionAndRetryAsync(HttpRequestMessage request, Boolean async, Boolean doRequestAuth, CancellationToken cancellationToken)
   at System.Net.Http.AuthenticationHelper.SendWithAuthAsync(HttpRequestMessage request, Uri authUri, Boolean async, ICredentials credentials, Boolean preAuthenticate, Boolean isProxyAuth, Boolean doRequestAuth, HttpConnectionPool pool, CancellationToken cancellationToken)
   at System.Net.Http.RedirectHandler.SendAsync(HttpRequestMessage request, Boolean async, CancellationToken cancellationToken)
   at GitHub.Services.Common.RawHttpMessageHandler.SendAsync(HttpRequestMessage request, CancellationToken cancellationToken)
   at GitHub.Services.Common.VssHttpRetryMessageHandler.SendAsync(HttpRequestMessage request, CancellationToken cancellationToken)
   at System.Net.Http.HttpClient.<SendAsync>g__Core|83_0(HttpRequestMessage request, HttpCompletionOption completionOption, CancellationTokenSource cts, Boolean disposeCts, CancellationTokenSource pendingRequestsCts, CancellationToken originalCancellationToken)
   --- End of inner exception stack trace ---
   at System.Net.Http.HttpClient.HandleFailure(Exception e, Boolean telemetryStarted, HttpResponseMessage response, CancellationTokenSource cts, CancellationToken cancellationToken, CancellationTokenSource pendingRequestsCts)
   at System.Net.Http.HttpClient.<SendAsync>g__Core|83_0(HttpRequestMessage request, HttpCompletionOption completionOption, CancellationTokenSource cts, Boolean disposeCts, CancellationTokenSource pendingRequestsCts, CancellationToken originalCancellationToken)
   at Sdk.WebApi.WebApi.RawHttpClientBase.SendAsync(HttpRequestMessage message, HttpCompletionOption completionOption, Object userState, CancellationToken cancellationToken)
   at Sdk.WebApi.WebApi.RawHttpClientBase.SendAsync[T](HttpRequestMessage message, Boolean readErrorBody, Object userState, CancellationToken cancellationToken)
   at Sdk.WebApi.WebApi.RawHttpClientBase.SendAsync[T](HttpMethod method, IEnumerable`1 additionalHeaders, Uri requestUri, HttpContent content, IEnumerable`1 queryParameters, Boolean readErrorBody, Object userState, CancellationToken cancellationToken)
   at GitHub.Actions.RunService.WebApi.BrokerHttpClient.GetRunnerMessageAsync(Nullable`1 sessionId, String runnerVersion, Nullable`1 status, String os, String architecture, Nullable`1 disableUpdate, CancellationToken cancellationToken)
   at GitHub.Runner.Common.BrokerServer.<>c__DisplayClass7_0.<<GetRunnerMessageAsync>b__0>d.MoveNext()
--- End of stack trace from previous location ---
   at GitHub.Runner.Common.RunnerService.RetryRequest[T](Func`1 func, CancellationToken cancellationToken, Int32 maxAttempts, Func`2 shouldRetry)
[2026-09-30 11:20:37Z ERR  BrokerServer] #####################################################
[2026-09-30 11:20:37Z ERR  BrokerServer] System.Threading.Tasks.TaskCanceledException: The operation was canceled.
 ---> System.IO.IOException: Unable to read data from the transport connection: The I/O operation has been aborted because of either a thread exit or an application request..
 ---> System.Net.Sockets.SocketException (995): The I/O operation has been aborted because of either a thread exit or an application request.
   --- End of inner exception stack trace ---
   at System.Net.Sockets.Socket.AwaitableSocketAsyncEventArgs.System.Threading.Tasks.Sources.IValueTaskSource<System.Int32>.GetResult(Int16 token)
   at System.Net.Security.SslStream.EnsureFullTlsFrameAsync[TIOAdapter](CancellationToken cancellationToken, Int32 estimatedSize)
   at System.Runtime.CompilerServices.PoolingAsyncValueTaskMethodBuilder`1.StateMachineBox`1.System.Threading.Tasks.Sources.IValueTaskSource<TResult>.GetResult(Int16 token)
   at System.Net.Security.SslStream.ReadAsyncInternal[TIOAdapter](Memory`1 buffer, CancellationToken cancellationToken)
   at System.Runtime.CompilerServices.PoolingAsyncValueTaskMethodBuilder`1.StateMachineBox`1.System.Threading.Tasks.Sources.IValueTaskSource<TResult>.GetResult(Int16 token)
   at System.Net.Http.HttpConnection.SendAsync(HttpRequestMessage request, Boolean async, CancellationToken cancellationToken)
   --- End of inner exception stack trace ---
   at System.Net.Http.HttpConnection.SendAsync(HttpRequestMessage request, Boolean async, CancellationToken cancellationToken)
   at System.Net.Http.AuthenticationHelper.SendWithNtAuthAsync(HttpRequestMessage request, Uri authUri, Boolean async, ICredentials credentials, Boolean isProxyAuth, HttpConnection connection, HttpConnectionPool connectionPool, CancellationToken cancellationToken)
   at System.Net.Http.HttpConnectionPool.SendWithVersionDetectionAndRetryAsync(HttpRequestMessage request, Boolean async, Boolean doRequestAuth, CancellationToken cancellationToken)
   at System.Net.Http.AuthenticationHelper.SendWithAuthAsync(HttpRequestMessage request, Uri authUri, Boolean async, ICredentials credentials, Boolean preAuthenticate, Boolean isProxyAuth, Boolean doRequestAuth, HttpConnectionPool pool, CancellationToken cancellationToken)
   at System.Net.Http.RedirectHandler.SendAsync(HttpRequestMessage request, Boolean async, CancellationToken cancellationToken)
   at GitHub.Services.Common.RawHttpMessageHandler.SendAsync(HttpRequestMessage request, CancellationToken cancellationToken)
   at GitHub.Services.Common.VssHttpRetryMessageHandler.SendAsync(HttpRequestMessage request, CancellationToken cancellationToken)
   at System.Net.Http.HttpClient.<SendAsync>g__Core|83_0(HttpRequestMessage request, HttpCompletionOption completionOption, CancellationTokenSource cts, Boolean disposeCts, CancellationTokenSource pendingRequestsCts, CancellationToken originalCancellationToken)
[2026-09-30 11:20:37Z ERR  BrokerServer] #####################################################
[2026-09-30 11:20:37Z ERR  BrokerServer] System.IO.IOException: Unable to read data from the transport connection: The I/O operation has been aborted because of either a thread exit or an application request..
 ---> System.Net.Sockets.SocketException (995): The I/O operation has been aborted because of either a thread exit or an application request.
   --- End of inner exception stack trace ---
   at System.Net.Sockets.Socket.AwaitableSocketAsyncEventArgs.System.Threading.Tasks.Sources.IValueTaskSource<System.Int32>.GetResult(Int16 token)
   at System.Net.Security.SslStream.EnsureFullTlsFrameAsync[TIOAdapter](CancellationToken cancellationToken, Int32 estimatedSize)
   at System.Runtime.CompilerServices.PoolingAsyncValueTaskMethodBuilder`1.StateMachineBox`1.System.Threading.Tasks.Sources.IValueTaskSource<TResult>.GetResult(Int16 token)
   at System.Net.Security.SslStream.ReadAsyncInternal[TIOAdapter](Memory`1 buffer, CancellationToken cancellationToken)
   at System.Runtime.CompilerServices.PoolingAsyncValueTaskMethodBuilder`1.StateMachineBox`1.System.Threading.Tasks.Sources.IValueTaskSource<TResult>.GetResult(Int16 token)
   at System.Net.Http.HttpConnection.SendAsync(HttpRequestMessage request, Boolean async, CancellationToken cancellationToken)
[2026-09-30 11:20:37Z ERR  BrokerServer] #####################################################
[2026-09-30 11:20:37Z ERR  BrokerServer] System.Net.Sockets.SocketException (995): The I/O operation has been aborted because of either a thread exit or an application request.
[2026-09-30 11:20:37Z WARN BrokerServer] Back off 7.886 seconds before next retry. 4 attempt left.
[2026-09-30 11:20:37Z INFO BrokerMessageListener] Get next message has been cancelled.
[2026-09-30 11:20:37Z INFO JobDispatcher] Shutting down JobDispatcher. Make sure all WorkerDispatcher has finished.
[2026-09-30 11:20:37Z INFO JobDispatcher] Ensure WorkerDispatcher for job 1ba0da49-f792-5127-bad3-3920b1ff69c4 run to finish, cancel any running job.
[2026-09-30 11:20:37Z INFO JobDispatcher] Job request 1ba0da49-f792-5127-bad3-3920b1ff69c4 processed succeed.
[2026-09-30 11:20:37Z INFO Runner] Deleting Runner Session...
[2026-09-30 11:20:38Z INFO Listener] Runner execution been cancelled.
